<html>
<body>
<pre>
<h1>µVision Build Log</h1>
<h2>Tool Versions:</h2>
IDE-Version: ¦ÌVision V5.27.1.0
Copyright (C) 2019 ARM Ltd and ARM Germany GmbH. All rights reserved.
License Information: zhang dong, Z-tech, LIC=EXJUH-WWE43-FW42N-YWFJK-JNC04-DVASX
 
Tool Versions:
Toolchain:       MDK-ARM Plus  Version: 5.27.1.0
Toolchain Path:  C:\Keil_v5_ARM\ARM\ARMCC\Bin
C Compiler:      Armcc.exe V5.06 update 6 (build 750)
Assembler:       Armasm.exe V5.06 update 6 (build 750)
Linker/Locator:  ArmLink.exe V5.06 update 6 (build 750)
Library Manager: ArmAr.exe V5.06 update 6 (build 750)
Hex Converter:   FromElf.exe V5.06 update 6 (build 750)
CPU DLL:         SARMCM3.DLL V5.27.1.0
Dialog DLL:      DCM.DLL V1.17.2.0
Target DLL:      STLink\ST-LINKIII-KEIL_SWO.dll V3.0.6.0
Dialog DLL:      TCM.DLL V1.36.1.0
 
<h2>Project:</h2>
C:\Users\ASUS\Desktop\mouse\User\sysi.uvprojx
Project File Date:  11/27/2019

<h2>Output:</h2>
*** Using Compiler 'V5.06 update 6 (build 750)', folder: 'C:\Keil_v5_ARM\ARM\ARMCC\Bin'
Build target 'sysi'
compiling MoveCtrl.c...
compiling pidctrller.c...
compiling InfraredCalc.c...
compiling mouseApp.c...
..\Application\process\src\mouseApp.c(221): warning:  #1-D: last line of file ends without a newline
  	
..\Application\process\src\mouseApp.c: 1 warning, 0 errors
compiling Odometer.c...
compiling ErgodicMap.c...
..\Application\navigation\src\ErgodicMap.c(231): warning:  #940-D: missing return statement at end of non-void function "getDirFirst" 
  }
..\Application\navigation\src\ErgodicMap.c(332): warning:  #940-D: missing return statement at end of non-void function "delFromDir" 
  }
..\Application\navigation\src\ErgodicMap.c: 2 warnings, 0 errors
compiling navigator.c...
compiling attitude.c...
linking...
Program Size: Code=23418 RO-data=1958 RW-data=184 ZI-data=18256  
FromELF: creating hex file...
".\Objects\sysi.axf" - 0 Error(s), 3 Warning(s).

<h2>Software Packages used:</h2>

Package Vendor: Keil
                http://www.keil.com/pack/Keil.STM32F1xx_DFP.2.2.0.pack
                Keil.STM32F1xx_DFP.2.2.0
                STMicroelectronics STM32F1 Series Device Support, Drivers and Examples

<h2>Collection of Component include folders:</h2>
  .\RTE\_sysi
  C:\Keil_v5_ARM\ARM\PACK\Keil\STM32F1xx_DFP\2.2.0\Device\Include

<h2>Collection of Component Files used:</h2>
Build Time Elapsed:  00:00:03
</pre>
</body>
</html>
