Component: ARM Compiler 5.06 update 6 (build 750) Tool: armlink [4d35ed]

==============================================================================

Section Cross References

    main.o(i.main) refers to drive.o(i.DriveInit) for DriveInit
    main.o(i.main) refers to process.o(i.MainSetup) for MainSetup
    main.o(i.main) refers to process.o(i.MainLoop) for MainLoop
    process.o(i.MainInterrupt) refers to movemain.o(i.MoveInterrupt) for MoveInterrupt
    process.o(i.MainInterrupt) refers to navigationmain.o(i.NavigaInterrupt) for NavigaInterrupt
    process.o(i.MainInterrupt) refers to mouseapp.o(i.mouseAppInterrupt) for mouseAppInterrupt
    process.o(i.MainLoop) refers to comhandle.o(i.comHandleLoop) for comHandleLoop
    process.o(i.MainLoop) refers to mouseapp.o(i.mouseApp_Loop) for mouseApp_Loop
    process.o(i.MainLoop) refers to movemain.o(i.MoveLoop) for MoveLoop
    process.o(i.MainLoop) refers to navigationmain.o(i.NavigaLoop) for NavigaLoop
    process.o(i.MainSetup) refers to comhandle.o(i.comHandleInit) for comHandleInit
    process.o(i.MainSetup) refers to mouseapp.o(i.mouseApp_Setup) for mouseApp_Setup
    process.o(i.MainSetup) refers to movemain.o(i.MoveSetup) for MoveSetup
    process.o(i.MainSetup) refers to navigationmain.o(i.NavigaSetup) for NavigaSetup
    system_stm32f10x.o(i.SetSysClock) refers to system_stm32f10x.o(i.SetSysClockTo72) for SetSysClockTo72
    system_stm32f10x.o(i.SystemCoreClockUpdate) refers to system_stm32f10x.o(.data) for SystemCoreClock
    system_stm32f10x.o(i.SystemInit) refers to system_stm32f10x.o(i.SetSysClock) for SetSysClock
    mouseapp.o(i.clearkeyEvent) refers to delay.o(i.delay_ms) for delay_ms
    mouseapp.o(i.clearkeyEvent) refers to mapsaver.o(i.getPathOverFlag) for getPathOverFlag
    mouseapp.o(i.clearkeyEvent) refers to mapsaver.o(i.getStaticPathFlag) for getStaticPathFlag
    mouseapp.o(i.clearkeyEvent) refers to mapsaver.o(i.delPathofFlash) for delPathofFlash
    mouseapp.o(i.clearkeyEvent) refers to mousefunclib.o(i.sendSMCCode) for sendSMCCode
    mouseapp.o(i.clearkeyEvent) refers to mouseapp.o(.data) for g_LEDFlashFreq
    mouseapp.o(i.mouseAppInterrupt) refers to mousefunclib.o(i.LEDFlash) for LEDFlash
    mouseapp.o(i.mouseAppInterrupt) refers to mouseapp.o(.data) for g_LEDFlashFreq
    mouseapp.o(i.mouseApp_Loop) refers to mouseapp.o(i.startkeyEvent) for startkeyEvent
    mouseapp.o(i.mouseApp_Loop) refers to ergodicmap.o(i.MapCreatLoop) for MapCreatLoop
    mouseapp.o(i.mouseApp_Loop) refers to myplanner.o(i.routeSearcher) for routeSearcher
    mouseapp.o(i.mouseApp_Loop) refers to mapsaver.o(i.writePathToFlash) for writePathToFlash
    mouseapp.o(i.mouseApp_Loop) refers to odometer.o(i.setOdometerFixOff) for setOdometerFixOff
    mouseapp.o(i.mouseApp_Loop) refers to navigator.o(i.NavigatorFastII) for NavigatorFastII
    mouseapp.o(i.mouseApp_Loop) refers to mouseapp.o(i.sendkeyEvent) for sendkeyEvent
    mouseapp.o(i.mouseApp_Loop) refers to mouseapp.o(i.staticPathEvent) for staticPathEvent
    mouseapp.o(i.mouseApp_Loop) refers to mouseapp.o(.data) for g_MAppSt
    mouseapp.o(i.mouseApp_Setup) refers to mapsaver.o(i.readFlashToBuf) for readFlashToBuf
    mouseapp.o(i.mouseApp_Setup) refers to mouseapp.o(i.clearkeyEvent) for clearkeyEvent
    mouseapp.o(i.mouseApp_Setup) refers to mapsaver.o(i.getPathOverFlag) for getPathOverFlag
    mouseapp.o(i.mouseApp_Setup) refers to mapsaver.o(i.writePathSeqFromFlash) for writePathSeqFromFlash
    mouseapp.o(i.mouseApp_Setup) refers to odometer.o(i.setOdometerFixOff) for setOdometerFixOff
    mouseapp.o(i.mouseApp_Setup) refers to mapsaver.o(i.getStaticPathFlag) for getStaticPathFlag
    mouseapp.o(i.mouseApp_Setup) refers to usart.o(i.UsartSendData) for UsartSendData
    mouseapp.o(i.mouseApp_Setup) refers to mouseapp.o(.data) for g_MAppSt
    mouseapp.o(i.moveSPTest) refers to movectrl.o(i.mouseMoveSP) for mouseMoveSP
    mouseapp.o(i.moveSPTest) refers to movectrl.o(i.mouseMove) for mouseMove
    mouseapp.o(i.sendkeyEvent) refers to delay.o(i.delay_ms) for delay_ms
    mouseapp.o(i.sendkeyEvent) refers to navigator.o(i.NavigatorFastII) for NavigatorFastII
    mouseapp.o(i.startkeyEvent) refers to infraredcalc.o(i.getInfraredEventVal) for getInfraredEventVal
    mouseapp.o(i.startkeyEvent) refers to ergodicmap.o(i.setSearchPlant) for setSearchPlant
    mouseapp.o(i.startkeyEvent) refers to delay.o(i.delay_ms) for delay_ms
    mouseapp.o(i.startkeyEvent) refers to occupyinggrid.o(i.GridSetup) for GridSetup
    mouseapp.o(i.startkeyEvent) refers to mouseapp.o(.data) for g_MAppSt
    mouseapp.o(i.staticPathEvent) refers to infraredcalc.o(i.getInfraredEventVal) for getInfraredEventVal
    mouseapp.o(i.staticPathEvent) refers to delay.o(i.delay_ms) for delay_ms
    mouseapp.o(i.staticPathEvent) refers to navigator.o(i.NavigatorStaticPath) for NavigatorStaticPath
    mouseapp.o(i.staticPathEvent) refers to mouseapp.o(.data) for g_LEDFlashFreq
[...]
    _dsub1                                   0x08005465   Thumb Code     0  daddsub_clz.o(x$fpl$dsub)
    x$fpl$f2d                                0x08005628   Section       86  f2d.o(x$fpl$f2d)
    x$fpl$fadd                               0x08005680   Section      196  faddsub_clz.o(x$fpl$fadd)
    _fadd1                                   0x0800568f   Thumb Code     0  faddsub_clz.o(x$fpl$fadd)
    x$fpl$fcmpinf                            0x08005744   Section       24  fcmpi.o(x$fpl$fcmpinf)
    x$fpl$fdiv                               0x0800575c   Section      388  fdiv.o(x$fpl$fdiv)
    _fdiv1                                   0x0800575d   Thumb Code     0  fdiv.o(x$fpl$fdiv)
    x$fpl$ffix                               0x080058e0   Section       54  ffix.o(x$fpl$ffix)
    x$fpl$fflt                               0x08005918   Section       48  fflt_clz.o(x$fpl$fflt)
    x$fpl$fleqf                              0x08005948   Section      104  fleqf.o(x$fpl$fleqf)
    x$fpl$fmul                               0x080059b0   Section      258  fmul.o(x$fpl$fmul)
    x$fpl$fnaninf                            0x08005ab2   Section      140  fnaninf.o(x$fpl$fnaninf)
    x$fpl$fretinf                            0x08005b3e   Section       10  fretinf.o(x$fpl$fretinf)
    x$fpl$frleqf                             0x08005b48   Section       98  frleqf.o(x$fpl$frleqf)
    x$fpl$frsb                               0x08005baa   Section       20  faddsub_clz.o(x$fpl$frsb)
    x$fpl$fsub                               0x08005bc0   Section      234  faddsub_clz.o(x$fpl$fsub)
    _fsub1                                   0x08005bcf   Thumb Code     0  faddsub_clz.o(x$fpl$fsub)
    .constdata                               0x08005caa   Section     1542  mousefunclib.o(.constdata)
    x$fpl$usenofp                            0x08005caa   Section        0  usenofp.o(x$fpl$usenofp)
    .constdata                               0x080062b0   Section       48  ergodicmap.o(.constdata)
    .constdata                               0x080062e0   Section       12  pidctrller.o(.constdata)
    .constdata                               0x080062ec   Section       17  __printf_flags_wp.o(.constdata)
    maptable                                 0x080062ec   Data          17  __printf_flags_wp.o(.constdata)
    .data                                    0x20000000   Section        8  mouseapp.o(.data)
    .data                                    0x20000008   Section        4  mousefunclib.o(.data)
    lasttick                                 0x20000008   Data           4  mousefunclib.o(.data)
    .data                                    0x2000000c   Section       28  odometer.o(.data)
    gridflag                                 0x20000024   Data           1  odometer.o(.data)
    div                                      0x20000026   Data           2  odometer.o(.data)
    .data                                    0x20000028   Section        1  occupyinggrid.o(.data)
    .data                                    0x2000002a   Section        6  ergodicmap.o(.data)
    .data                                    0x20000030   Section       24  myplanner.o(.data)
    .data                                    0x20000048   Section       20  pidctrller.o(.data)
    lastspd                                  0x20000050   Data           4  pidctrller.o(.data)
    stptick                                  0x20000054   Data           4  pidctrller.o(.data)
    div                                      0x20000058   Data           4  pidctrller.o(.data)
    .data                                    0x2000005c   Section       12  infraredcalc.o(.data)
    div                                      0x20000064   Data           4  infraredcalc.o(.data)
    .data                                    0x20000068   Section       70  attitude.o(.data)
    div                                      0x20000080   Data           2  attitude.o(.data)
    div                                      0x20000082   Data           2  attitude.o(.data)
    encoder                                  0x20000084   Data           8  attitude.o(.data)
    div                                      0x2000008c   Data           2  attitude.o(.data)
    encoder                                  0x20000090   Data           8  attitude.o(.data)
    div                                      0x20000098   Data           2  attitude.o(.data)
    etrsum                                   0x2000009c   Data           8  attitude.o(.data)
    etrsum                                   0x200000a4   Data           8  attitude.o(.data)
    div                                      0x200000ac   Data           2  attitude.o(.data)
    .data                                    0x200000b0   Section        4  usart.o(.data)
    .data                                    0x200000b4   Section        4  time.o(.data)
    .bss                                     0x200000b8   Section     1024  mapsaver.o(.bss)
    .bss                                     0x200004b8   Section     1028  comhandle.o(.bss)
    .bss                                     0x200008bc   Section      256  occupyinggrid.o(.bss)
    .bss                                     0x200009bc   Section     3828  ergodicmap.o(.bss)
    .bss                                     0x200018b0   Section     8384  myplanner.o(.bss)
    mp                                       0x20003964   Data          12  myplanner.o(.bss)
    .bss                                     0x20003970   Section       40  pidctrller.o(.bss)
    pid                                      0x20003970   Data          40  pidctrller.o(.bss)
    .bss                                     0x20003998   Section       12  infrared_1.o(.bss)
    .bss                                     0x200039a4   Section     2048  stmflash.o(.bss)
    .bss                                     0x200041a4   Section       96  libspace.o(.bss)
    HEAP                                     0x20004208   Section      512  startup_stm32f10x_hd.o(HEAP)
    Heap_Mem                                 0x20004208   Data         512  startup_stm32f10x_hd.o(HEAP)
    STACK                                    0x20004408   Section     1024  startup_stm32f10x_hd.o(STACK)
    Stack_Mem                                0x20004408   Data        1024  startup_stm32f10x_hd.o(STACK)
    __initial_sp                             0x20004808   Data           0  startup_stm32f10x_hd.o(STACK)

    Global Symbols

    Symbol Name                              Value     Ov Type        Size  Object(Section)

    BuildAttributes$$THM_ISAv4$P$D$K$B$S$PE$A:L22UL41UL21$X:L11$S22US41US21$IEEE1$IW$USESV6$~STKCKD$USESV7$~SHL$OTIME$ROPI$IEEEJ$EBA8$UX$STANDARDLIB$REQ8$PRES8$EABIv2 0x00000000   Number         0  anon$$obj.o ABSOLUTE
    __ARM_use_no_argv                        0x00000000   Number         0  main.o ABSOLUTE
    _printf_flags                            0x00000000   Number         0  printf_stubs.o ABSOLUTE
    _printf_return_value                     0x00000000   Number         0  printf_stubs.o ABSOLUTE
    _printf_sizespec                         0x00000000   Number         0  printf_stubs.o ABSOLUTE
    _printf_widthprec                        0x00000000   Number         0  printf_stubs.o ABSOLUTE
    __ARM_exceptions_init                     - Undefined Weak Reference
    __alloca_initialize                       - Undefined Weak Reference
    __arm_preinit_                            - Undefined Weak Reference
    __cpp_initialize__aeabi_                  - Undefined Weak Reference
    __cxa_finalize                            - Undefined Weak Reference
    __rt_locale                               - Undefined Weak Reference
    __sigvec_lookup                           - Undefined Weak Reference
    _atexit_init                              - Undefined Weak Reference
    _call_atexit_fns                          - Undefined Weak Reference
    _clock_init                               - Undefined Weak Reference
    _fp_trap_init                             - Undefined Weak Reference
    _fp_trap_shutdown                         - Undefined Weak Reference
    _get_lc_collate                           - Undefined Weak Reference
    _get_lc_ctype                             - Undefined Weak Reference
    _get_lc_monetary                          - Undefined Weak Reference
    _get_lc_numeric                           - Undefined Weak Reference
    _get_lc_time                              - Undefined Weak Reference
    _getenv_init                              - Undefined Weak Reference
    _handle_redirection                       - Undefined Weak Reference
    _init_alloc                               - Undefined Weak Reference
    _init_user_alloc                          - Undefined Weak Reference
    _initio                                   - Undefined Weak Reference
    _printf_truncate_signed                   - Undefined Weak Reference
    _printf_truncate_unsigned                 - Undefined Weak Reference
    _rand_init                                - Undefined Weak Reference
    _signal_finish                            - Undefined Weak Reference
    _signal_init                              - Undefined Weak Reference
    _terminate_alloc                          - Undefined Weak Reference
    _terminate_user_alloc                     - Undefined Weak Reference
    _terminateio                              - Undefined Weak Reference
    __Vectors_Size                           0x00000130   Number         0  startup_stm32f10x_hd.o ABSOLUTE
    __Vectors                                0x08000000   Data           4  startup_stm32f10x_hd.o(RESET)
    __Vectors_End                            0x08000130   Data           0  startup_stm32f10x_hd.o(RESET)
    __main                                   0x08000131   Thumb Code     8  __main.o(!!!main)
    __scatterload                            0x08000139   Thumb Code     0  __scatter.o(!!!scatter)
    __scatterload_rt2                        0x08000139   Thumb Code    44  __scatter.o(!!!scatter)
    __scatterload_rt2_thumb_only             0x08000139   Thumb Code     0  __scatter.o(!!!scatter)
    __scatterload_null                       0x08000147   Thumb Code     0  __scatter.o(!!!scatter)
    __scatterload_copy                       0x0800016d   Thumb Code    26  __scatter_copy.o(!!handler_copy)
    __scatterload_zeroinit                   0x08000189   Thumb Code    28  __scatter_zi.o(!!handler_zi)
    _printf_d                                0x080001a5   Thumb Code     0  _printf_d.o(.ARM.Collect$$_printf_percent$$00000009)
    _printf_percent                          0x080001a5   Thumb Code     0  _printf_percent.o(.ARM.Collect$$_printf_percent$$00000000)
    _printf_percent_end                      0x080001ab   Thumb Code     0  _printf_percent_end.o(.ARM.Collect$$_printf_percent$$00000017)
    __rt_lib_init                            0x080001af   Thumb Code     0  libinit.o(.ARM.Collect$$libinit$$00000000)
    __rt_lib_init_alloca_1                   0x080001b1   Thumb Code     0  libinit2.o(.ARM.Collect$$libinit$$0000002E)
    __rt_lib_init_argv_1                     0x080001b1   Thumb Code     0  libinit2.o(.ARM.Collect$$libinit$$0000002C)
    __rt_lib_init_atexit_1                   0x080001b1   Thumb Code     0  libinit2.o(.ARM.Collect$$libinit$$0000001B)
    __rt_lib_init_clock_1                    0x080001b1   Thumb Code     0  libinit2.o(.ARM.Collect$$libinit$$00000021)
    __rt_lib_init_cpp_1                      0x080001b1   Thumb Code     0  libinit2.o(.ARM.Collect$$libinit$$00000032)
    __rt_lib_init_exceptions_1               0x080001b1   Thumb Code     0  libinit2.o(.ARM.Collect$$libinit$$00000030)
    __rt_lib_init_fp_1                       0x080001b1   Thumb Code     0  libinit2.o(.ARM.Collect$$libinit$$00000002)
    __rt_lib_init_fp_trap_1                  0x080001b1   Thumb Code     0  libinit2.o(.ARM.Collect$$libinit$$0000001F)
    __rt_lib_init_getenv_1                   0x080001b1   Thumb Code     0  libinit2.o(.ARM.Collect$$libinit$$00000023)
    __rt_lib_init_heap_1                     0x080001b1   Thumb Code     0  libinit2.o(.ARM.Collect$$libinit$$0000000A)
    __rt_lib_init_lc_collate_1               0x080001b1   Thumb Code     0  libinit2.o(.ARM.Collect$$libinit$$00000011)
    __rt_lib_init_lc_ctype_1                 0x080001b1   Thumb Code     0  libinit2.o(.ARM.Collect$$libinit$$00000013)
    __rt_lib_init_lc_monetary_1              0x080001b1   Thumb Code     0  libinit2.o(.ARM.Collect$$libinit$$00000015)
    __rt_lib_init_lc_numeric_1               0x080001b1   Thumb Code     0  libinit2.o(.ARM.Collect$$libinit$$00000017)
    __rt_lib_init_lc_time_1                  0x080001b1   Thumb Code     0  libinit2.o(.ARM.Collect$$libinit$$00000019)
    __rt_lib_init_preinit_1                  0x080001b1   Thumb Code     0  libinit2.o(.ARM.Collect$$libinit$$00000004)
    __rt_lib_init_rand_1                     0x080001b1   Thumb Code     0  libinit2.o(.ARM.Collect$$libinit$$0000000E)
    __rt_lib_init_return                     0x080001b1   Thumb Code     0  libinit2.o(.ARM.Collect$$libinit$$00000033)
    __rt_lib_init_signal_1                   0x080001b1   Thumb Code     0  libinit2.o(.ARM.Collect$$libinit$$0000001D)
    __rt_lib_init_stdio_1                    0x080001b1   Thumb Code     0  libinit2.o(.ARM.Collect$$libinit$$00000025)
    __rt_lib_init_user_alloc_1               0x080001b1   Thumb Code     0  libinit2.o(.ARM.Collect$$libinit$$0000000C)
    __rt_lib_shutdown                        0x080001b3   Thumb Code     0  libshutdown.o(.ARM.Collect$$libshutdown$$00000000)
    __rt_lib_shutdown_cpp_1                  0x080001b5   Thumb Code     0  libshutdown2.o(.ARM.Collect$$libshutdown$$00000002)
    __rt_lib_shutdown_fp_trap_1              0x080001b5   Thumb Code     0  libshutdown2.o(.ARM.Collect$$libshutdown$$00000007)
    __rt_lib_shutdown_heap_1                 0x080001b5   Thumb Code     0  libshutdown2.o(.ARM.Collect$$libshutdown$$0000000F)
    __rt_lib_shutdown_return                 0x080001b5   Thumb Code     0  libshutdown2.o(.ARM.Collect$$libshutdown$$00000010)
    __rt_lib_shutdown_signal_1               0x080001b5   Thumb Code     0  libshutdown2.o(.ARM.Collect$$libshutdown$$0000000A)
    __rt_lib_shutdown_stdio_1                0x080001b5   Thumb Code     0  libshutdown2.o(.ARM.Collect$$libshutdown$$00000004)
    __rt_lib_shutdown_user_alloc_1           0x080001b5   Thumb Code     0  libshutdown2.o(.ARM.Collect$$libshutdown$$0000000C)
    __rt_entry                               0x080001b7   Thumb Code     0  __rtentry.o(.ARM.Collect$$rtentry$$00000000)
    __rt_entry_presh_1                       0x080001b7   Thumb Code     0  __rtentry2.o(.ARM.Collect$$rtentry$$00000002)
    __rt_entry_sh                            0x080001b7   Thumb Code     0  __rtentry4.o(.ARM.Collect$$rtentry$$00000004)
    __rt_entry_li                            0x080001bd   Thumb Code     0  __rtentry2.o(.ARM.Collect$$rtentry$$0000000A)
    __rt_entry_postsh_1                      0x080001bd   Thumb Code     0  __rtentry2.o(.ARM.Collect$$rtentry$$00000009)
    __rt_entry_main                          0x080001c1   Thumb Code     0  __rtentry2.o(.ARM.Collect$$rtentry$$0000000D)
    __rt_entry_postli_1                      0x080001c1   Thumb Code     0  __rtentry2.o(.ARM.Collect$$rtentry$$0000000C)
    __rt_exit                                0x080001c9   Thumb Code     0  rtexit.o(.ARM.Collect$$rtexit$$00000000)
    __rt_exit_ls                             0x080001cb   Thumb Code     0  rtexit2.o(.ARM.Collect$$rtexit$$00000003)
    __rt_exit_prels_1                        0x080001cb   Thumb Code     0  rtexit2.o(.ARM.Collect$$rtexit$$00000002)
    __rt_exit_exit                           0x080001cf   Thumb Code     0  rtexit2.o(.ARM.Collect$$rtexit$$00000004)
    Reset_Handler                            0x080001d5   Thumb Code     8  startup_stm32f10x_hd.o(.text)
    NMI_Handler                              0x080001dd   Thumb Code     2  startup_stm32f10x_hd.o(.text)
    HardFault_Handler                        0x080001df   Thumb Code     2  startup_stm32f10x_hd.o(.text)
    MemManage_Handler                        0x080001e1   Thumb Code     2  startup_stm32f10x_hd.o(.text)
    BusFault_Handler                         0x080001e3   Thumb Code     2  startup_stm32f10x_hd.o(.text)
    UsageFault_Handler                       0x080001e5   Thumb Code     2  startup_stm32f10x_hd.o(.text)
    SVC_Handler                              0x080001e7   Thumb Code     2  startup_stm32f10x_hd.o(.text)
    DebugMon_Handler                         0x080001e9   Thumb Code     2  startup_stm32f10x_hd.o(.text)
    PendSV_Handler                           0x080001eb   Thumb Code     2  startup_stm32f10x_hd.o(.text)
    ADC1_2_IRQHandler                        0x080001ef   Thumb Code     0  startup_stm32f10x_hd.o(.text)
    ADC3_IRQHandler                          0x080001ef   Thumb Code     0  startup_stm32f10x_hd.o(.text)
    CAN1_RX1_IRQHandler                      0x080001ef   Thumb Code     0  startup_stm32f10x_hd.o(.text)
    CAN1_SCE_IRQHandler                      0x080001ef   Thumb Code     0  startup_stm32f10x_hd.o(.text)
    DMA1_Channel1_IRQHandler                 0x080001ef   Thumb Code     0  startup_stm32f10x_hd.o(.text)
    DMA1_Channel2_IRQHandler                 0x080001ef   Thumb Code     0  startup_stm32f10x_hd.o(.text)
    DMA1_Channel3_IRQHandler                 0x080001ef   Thumb Code     0  startup_stm32f10x_hd.o(.text)
    DMA1_Channel4_IRQHandler                 0x080001ef   Thumb Code     0  startup_stm32f10x_hd.o(.text)
    DMA1_Channel5_IRQHandler                 0x080001ef   Thumb Code     0  startup_stm32f10x_hd.o(.text)
    DMA1_Channel6_IRQHandler                 0x080001ef   Thumb Code     0  startup_stm32f10x_hd.o(.text)
    DMA1_Channel7_IRQHandler                 0x080001ef   Thumb Code     0  startup_stm32f10x_hd.o(.text)
    DMA2_Channel1_IRQHandler                 0x080001ef   Thumb Code     0  startup_stm32f10x_hd.o(.text)
    DMA2_Channel2_IRQHandler                 0x080001ef   Thumb Code     0  startup_stm32f10x_hd.o(.text)
    DMA2_Channel3_IRQHandler                 0x080001ef   Thumb Code     0  startup_stm32f10x_hd.o(.text)
    DMA2_Channel4_5_IRQHandler               0x080001ef   Thumb Code     0  startup_stm32f10x_hd.o(.text)
    EXTI0_IRQHandler                         0x080001ef   Thumb Code     0  startup_stm32f10x_hd.o(.text)
    EXTI15_10_IRQHandler                     0x080001ef   Thumb Code     0  startup_stm32f10x_hd.o(.text)
    EXTI1_IRQHandler                         0x080001ef   Thumb Code     0  startup_stm32f10x_hd.o(.text)
    EXTI2_IRQHandler                         0x080001ef   Thumb Code     0  startup_stm32f10x_hd.o(.text)
    EXTI3_IRQHandler                         0x080001ef   Thumb Code     0  startup_stm32f10x_hd.o(.text)
    EXTI4_IRQHandler                         0x080001ef   Thumb Code     0  startup_stm32f10x_hd.o(.text)
    EXTI9_5_IRQHandler                       0x080001ef   Thumb Code     0  startup_stm32f10x_hd.o(.text)
    FLASH_IRQHandler                         0x080001ef   Thumb Code     0  startup_stm32f10x_hd.o(.text)
    FSMC_IRQHandler                          0x080001ef   Thumb Code     0  startup_stm32f10x_hd.o(.text)
    I2C1_ER_IRQHandler                       0x080001ef   Thumb Code     0  startup_stm32f10x_hd.o(.text)
    I2C1_EV_IRQHandler                       0x080001ef   Thumb Code     0  startup_stm32f10x_hd.o(.text)
    I2C2_ER_IRQHandler                       0x080001ef   Thumb Code     0  startup_stm32f10x_hd.o(.text)
    I2C2_EV_IRQHandler                       0x080001ef   Thumb Code     0  startup_stm32f10x_hd.o(.text)
    PVD_IRQHandler                           0x080001ef   Thumb Code     0  startup_stm32f10x_hd.o(.text)
    RCC_IRQHandler                           0x080001ef   Thumb Code     0  startup_stm32f10x_hd.o(.text)
    RTCAlarm_IRQHandler                      0x080001ef   Thumb Code     0  startup_stm32f10x_hd.o(.text)
    RTC_IRQHandler                           0x080001ef   Thumb Code     0  startup_stm32f10x_hd.o(.text)
    SDIO_IRQHandler                          0x080001ef   Thumb Code     0  startup_stm32f10x_hd.o(.text)
    SPI1_IRQHandler                          0x080001ef   Thumb Code     0  startup_stm32f10x_hd.o(.text)
    SPI2_IRQHandler                          0x080001ef   Thumb Code     0  startup_stm32f10x_hd.o(.text)
    SPI3_IRQHandler                          0x080001ef   Thumb Code     0  startup_stm32f10x_hd.o(.text)
    TAMPER_IRQHandler                        0x080001ef   Thumb Code     0  startup_stm32f10x_hd.o(.text)
    TIM1_BRK_IRQHandler                      0x080001ef   Thumb Code     0  startup_stm32f10x_hd.o(.text)
    TIM1_CC_IRQHandler                       0x080001ef   Thumb Code     0  startup_stm32f10x_hd.o(.text)
    TIM1_TRG_COM_IRQHandler                  0x080001ef   Thumb Code     0  startup_stm32f10x_hd.o(.text)
    TIM1_UP_IRQHandler                       0x080001ef   Thumb Code     0  startup_stm32f10x_hd.o(.text)
    TIM2_IRQHandler                          0x080001ef   Thumb Code     0  startup_stm32f10x_hd.o(.text)
    TIM3_IRQHandler                          0x080001ef   Thumb Code     0  startup_stm32f10x_hd.o(.text)
    TIM4_IRQHandler                          0x080001ef   Thumb Code     0  startup_stm32f10x_hd.o(.text)
    TIM5_IRQHandler                          0x080001ef   Thumb Code     0  startup_stm32f10x_hd.o(.text)
    TIM6_IRQHandler                          0x080001ef   Thumb Code     0  startup_stm32f10x_hd.o(.text)
    TIM7_IRQHandler                          0x080001ef   Thumb Code     0  startup_stm32f10x_hd.o(.text)
    TIM8_BRK_IRQHandler                      0x080001ef   Thumb Code     0  startup_stm32f10x_hd.o(.text)
    TIM8_CC_IRQHandler                       0x080001ef   Thumb Code     0  startup_stm32f10x_hd.o(.text)
    TIM8_TRG_COM_IRQHandler                  0x080001ef   Thumb Code     0  startup_stm32f10x_hd.o(.text)
    TIM8_UP_IRQHandler                       0x080001ef   Thumb Code     0  startup_stm32f10x_hd.o(.text)
    UART4_IRQHandler                         0x080001ef   Thumb Code     0  startup_stm32f10x_hd.o(.text)
    UART5_IRQHandler                         0x080001ef   Thumb Code     0  startup_stm32f10x_hd.o(.text)
    USART1_IRQHandler                        0x080001ef   Thumb Code     0  startup_stm32f10x_hd.o(.text)
    USART2_IRQHandler                        0x080001ef   Thumb Code     0  startup_stm32f10x_hd.o(.text)
    USBWakeUp_IRQHandler                     0x080001ef   Thumb Code     0  startup_stm32f10x_hd.o(.text)
    USB_HP_CAN1_TX_IRQHandler                0x080001ef   Thumb Code     0  startup_stm32f10x_hd.o(.text)
    USB_LP_CAN1_RX0_IRQHandler               0x080001ef   Thumb Code     0  startup_stm32f10x_hd.o(.text)
    WWDG_IRQHandler                          0x080001ef   Thumb Code     0  startup_stm32f10x_hd.o(.text)
    __user_initial_stackheap                 0x080001f1   Thumb Code     0  startup_stm32f10x_hd.o(.text)
    __2sprintf                               0x08000215   Thumb Code    34  noretval__2sprintf.o(.text)
    _printf_pre_padding                      0x0800023d   Thumb Code    44  _printf_pad.o(.text)
    _printf_post_padding                     0x08000269   Thumb Code    34  _printf_pad.o(.text)
    _printf_int_dec                          0x0800028d   Thumb Code   104  _printf_dec.o(.text)
    __printf                                 0x08000305   Thumb Code   308  __printf_flags_wp.o(.text)
    __aeabi_memcpy4                          0x0800043d   Thumb Code     0  rt_memcpy_w.o(.text)
    __aeabi_memcpy8                          0x0800043d   Thumb Code     0  rt_memcpy_w.o(.text)
    __rt_memcpy_w                            0x0800043d   Thumb Code   100  rt_memcpy_w.o(.text)
    _memcpy_lastbytes_aligned                0x08000485   Thumb Code     0  rt_memcpy_w.o(.text)
    __use_two_region_memory                  0x080004a1   Thumb Code     2  heapauxi.o(.text)
    __rt_heap_escrow$2region                 0x080004a3   Thumb Code     2  heapauxi.o(.text)
    __rt_heap_expand$2region                 0x080004a5   Thumb Code     2  heapauxi.o(.text)
    __read_errno                             0x080004a7   Thumb Code    10  _rserrno.o(.text)
    __set_errno                              0x080004b1   Thumb Code    12  _rserrno.o(.text)
    _printf_int_common                       0x080004bd   Thumb Code   178  _printf_intcommon.o(.text)
    _printf_char_common                      0x0800057b   Thumb Code    32  _printf_char_common.o(.text)
    _sputc                                   0x080005a1   Thumb Code    10  _sputc.o(.text)
    __aeabi_errno_addr                       0x080005ad   Thumb Code     8  rt_errno_addr_intlibspace.o(.text)
    __errno$intlibspace                      0x080005ad   Thumb Code     0  rt_errno_addr_intlibspace.o(.text)
    __rt_errno_addr$intlibspace              0x080005ad   Thumb Code     0  rt_errno_addr_intlibspace.o(.text)
    __user_libspace                          0x080005b5   Thumb Code     8  libspace.o(.text)
    __user_perproc_libspace                  0x080005b5   Thumb Code     0  libspace.o(.text)
    __user_perthread_libspace                0x080005b5   Thumb Code     0  libspace.o(.text)
    __user_setup_stackheap                   0x080005bd   Thumb Code    74  sys_stackheap_outer.o(.text)
    exit                                     0x08000607   Thumb Code    18  exit.o(.text)
    _sys_exit                                0x08000619   Thumb Code     8  sys_exit.o(.text)
    __I$use$semihosting                      0x08000625   Thumb Code     0  use_no_semi.o(.text)
    __use_no_semihosting_swi                 0x08000625   Thumb Code     2  use_no_semi.o(.text)
    __semihosting_library_function           0x08000627   Thumb Code     0  indicate_semi.o(.text)
    Adc_Init                                 0x08000629   Thumb Code   400  infrared_1.o(i.Adc_Init)
    Adc_Transition                           0x080007cd   Thumb Code   104  infrared_1.o(i.Adc_Transition)
    AttitudeStateMachine                     0x0800083d   Thumb Code    82  attitude.o(i.AttitudeStateMachine)
    AttitudeStateSet                         0x08000895   Thumb Code     6  attitude.o(i.AttitudeStateSet)
    BackActCheck                             0x080008a1   Thumb Code    80  ergodicmap.o(i.BackActCheck)
    DianJi_TiaoSu                            0x080008fd   Thumb Code   162  dain_ji.o(i.DianJi_TiaoSu)
    Dian_Ji_Init                             0x080009a5   Thumb Code    42  dain_ji.o(i.Dian_Ji_Init)
    Dian_Ji_Read                             0x080009d1   Thumb Code   380  dain_ji.o(i.Dian_Ji_Read)
    Dma_Init                                 0x08000b61   Thumb Code    74  infrared_1.o(i.Dma_Init)
    Dma_Start                                0x08000bbd   Thumb Code    34  infrared_1.o(i.Dma_Start)
    DriveInit                                0x08000be5   Thumb Code    56  drive.o(i.DriveInit)
    ETR_Divider                              0x08000c25   Thumb Code    30  odometer.o(i.ETR_Divider)
    FLASH_ErasePage                          0x08000c49   Thumb Code    72  stmflash.o(i.FLASH_ErasePage)
    FLASH_GetBank1Status                     0x08000c95   Thumb Code    48  stmflash.o(i.FLASH_GetBank1Status)
    FLASH_Lock                               0x08000cc9   Thumb Code    14  stmflash.o(i.FLASH_Lock)
    FLASH_ProgramHalfWord                    0x08000cdd   Thumb Code    60  stmflash.o(i.FLASH_ProgramHalfWord)
    FLASH_Unlock                             0x08000d1d   Thumb Code    12  stmflash.o(i.FLASH_Unlock)
    FLASH_WaitForLastOperation               0x08000d35   Thumb Code    38  stmflash.o(i.FLASH_WaitForLastOperation)
    FSL_DividerFast                          0x08000d5d   Thumb Code    30  attitude.o(i.FSL_DividerFast)
    FSL_OverDataDel                          0x08000d81   Thumb Code    14  attitude.o(i.FSL_OverDataDel)
    FSL_moveController                       0x08000d99   Thumb Code   952  attitude.o(i.FSL_moveController)
    FTR_DividerFast                          0x0800117d   Thumb Code    36  attitude.o(i.FTR_DividerFast)
    GridActSave                              0x080011a9   Thumb Code    40  occupyinggrid.o(i.GridActSave)
    GridSetup                                0x080011d5   Thumb Code    26  occupyinggrid.o(i.GridSetup)
    InfraredLoop                             0x080011f5   Thumb Code    42  infraredcalc.o(i.InfraredLoop)
    Infrared_Send_Control                    0x08001229   Thumb Code    40  infrared_1.o(i.Infrared_Send_Control)
    Infrared_Send_Init                       0x08001259   Thumb Code   156  infrared_1.o(i.Infrared_Send_Init)
    LEDFlash                                 0x08001301   Thumb Code    60  mousefunclib.o(i.LEDFlash)
    LedAnKey_Init                            0x08001345   Thumb Code    94  led.o(i.LedAnKey_Init)
    MY_NVIC_Init                             0x080013b1   Thumb Code   118  usart.o(i.MY_NVIC_Init)
    MainInterrupt                            0x0800142d   Thumb Code    16  process.o(i.MainInterrupt)
    MainLoop                                 0x0800143d   Thumb Code    20  process.o(i.MainLoop)
    MainSetup                                0x08001451   Thumb Code    20  process.o(i.MainSetup)
    MapActivityRecord                        0x08001465   Thumb Code   634  occupyinggrid.o(i.MapActivityRecord)
    MapCreatLoop                             0x080016e9   Thumb Code    26  ergodicmap.o(i.MapCreatLoop)
    MapCreator                               0x08001705   Thumb Code   192  ergodicmap.o(i.MapCreator)
    MapCreatorInit                           0x080017c9   Thumb Code    84  ergodicmap.o(i.MapCreatorInit)
    MapInit                                  0x08001831   Thumb Code    32  occupyinggrid.o(i.MapInit)
    MotorSpeedPidCtrl                        0x08001855   Thumb Code   454  pidctrller.o(i.MotorSpeedPidCtrl)
    MouseDirUpdate                           0x08001a39   Thumb Code    42  odometer.o(i.MouseDirUpdate)
    MoveInterrupt                            0x08001a69   Thumb Code    16  movemain.o(i.MoveInterrupt)
    MoveLoop                                 0x08001a79   Thumb Code     2  movemain.o(i.MoveLoop)
    MoveSetup                                0x08001a7b   Thumb Code     2  movemain.o(i.MoveSetup)
    NavigaInterrupt                          0x08001aa5   Thumb Code     8  navigationmain.o(i.NavigaInterrupt)
    NavigaLoop                               0x08001aad   Thumb Code     2  navigationmain.o(i.NavigaLoop)
    NavigaSetup                              0x08001aaf   Thumb Code    12  navigationmain.o(i.NavigaSetup)
    NavigatorFastII                          0x08001abd   Thumb Code   964  navigator.o(i.NavigatorFastII)
    NavigatorStaticPath                      0x08001e95   Thumb Code   220  navigator.o(i.NavigatorStaticPath)
    PID_Divider                              0x08001f75   Thumb Code    34  pidctrller.o(i.PID_Divider)
    PathWrite                                0x08001f9d   Thumb Code   170  comhandle.o(i.PathWrite)
    Pwm_Init                                 0x08002069   Thumb Code   428  dain_ji.o(i.Pwm_Init)
    RDD_Divider                              0x08002221   Thumb Code    36  attitude.o(i.RDD_Divider)
    RDD_DividerFast                          0x0800224d   Thumb Code    36  attitude.o(i.RDD_DividerFast)
    RotateCtrller                            0x08002279   Thumb Code   332  attitude.o(i.RotateCtrller)
    RotateCtrllerFast                        0x080023d9   Thumb Code   324  attitude.o(i.RotateCtrllerFast)
    RotateCtrllerFastI                       0x08002535   Thumb Code    32  attitude.o(i.RotateCtrllerFastI)
    RotateFastOver                           0x08002555   Thumb Code    26  attitude.o(i.RotateFastOver)
    RotateMoveFPL90                          0x08002575   Thumb Code   244  attitude.o(i.RotateMoveFPL90)
    RotateMoveFPR90                          0x08002685   Thumb Code   244  attitude.o(i.RotateMoveFPR90)
    RotationAngle                            0x08002795   Thumb Code     6  attitude.o(i.RotationAngle)
    SPC_Divider                              0x080027a1   Thumb Code    30  attitude.o(i.SPC_Divider)
    STMFLASH_Read                            0x080027c5   Thumb Code    34  stmflash.o(i.STMFLASH_Read)
    STMFLASH_ReadHalfWord                    0x080027e7   Thumb Code     6  stmflash.o(i.STMFLASH_ReadHalfWord)
    STMFLASH_Write                           0x080027ed   Thumb Code   222  stmflash.o(i.STMFLASH_Write)
    STMFLASH_Write_NoCheck                   0x080028d5   Thumb Code    34  stmflash.o(i.STMFLASH_Write_NoCheck)
    SearcherPidCtrller                       0x080028f9   Thumb Code   196  attitude.o(i.SearcherPidCtrller)
    SearcherSpeed                            0x080029d1   Thumb Code     8  attitude.o(i.SearcherSpeed)
    SetTargetSpeed                           0x08002ac5   Thumb Code     8  pidctrller.o(i.SetTargetSpeed)
    StandardGridCumulative                   0x08002ad1   Thumb Code   298  odometer.o(i.StandardGridCumulative)
    SysTick_Handler                          0x08002c15   Thumb Code    18  time.o(i.SysTick_Handler)
    Sys_GetTick                              0x08002c2d   Thumb Code     6  time.o(i.Sys_GetTick)
    SystemInit                               0x08002c39   Thumb Code    78  system_stm32f10x.o(i.SystemInit)
    Systick_init                             0x08002c99   Thumb Code    66  time.o(i.Systick_init)
    Timer4Init                               0x08002ce1   Thumb Code   240  time.o(i.Timer4Init)
    USART3_IRQHandler                        0x08002de1   Thumb Code    32  usart.o(i.USART3_IRQHandler)
    USART3_RxBufAnalysis                     0x08002e09   Thumb Code    36  comhandle.o(i.USART3_RxBufAnalysis)
    USART_RxFuncConfig                       0x08002e2d   Thumb Code     6  usart.o(i.USART_RxFuncConfig)
    USART_RxToBuf                            0x08002e39   Thumb Code    78  comhandle.o(i.USART_RxToBuf)
    UsartInit                                0x08002e8d   Thumb Code   254  usart.o(i.UsartInit)
    UsartSendData                            0x08002fa1   Thumb Code    34  usart.o(i.UsartSendData)
    _is_digit                                0x08002fc9   Thumb Code    14  __printf_wp.o(i._is_digit)
    backToLastAct                            0x08002fd9   Thumb Code   372  ergodicmap.o(i.backToLastAct)
    backtoStart                              0x08003165   Thumb Code   230  ergodicmap.o(i.backtoStart)
    clearkeyEvent                            0x08003255   Thumb Code    78  mouseapp.o(i.clearkeyEvent)
    comHandleInit                            0x080032b1   Thumb Code    10  comhandle.o(i.comHandleInit)
    comHandleLoop                            0x080032c1   Thumb Code    10  comhandle.o(i.comHandleLoop)
    delDeathGrid                             0x080032d1   Thumb Code   214  ergodicmap.o(i.delDeathGrid)
    delFromDir                               0x080033a7   Thumb Code    54  ergodicmap.o(i.delFromDir)
    delPathofFlash                           0x080033dd   Thumb Code    20  mapsaver.o(i.delPathofFlash)
    delay_ms                                 0x080033f9   Thumb Code    24  delay.o(i.delay_ms)
    delay_us                                 0x08003411   Thumb Code    28  delay.o(i.delay_us)
    dirToTh                                  0x0800342d   Thumb Code    40  myplanner.o(i.dirToTh)
    getActDirState                           0x08003455   Thumb Code   114  infraredcalc.o(i.getActDirState)
    getAttitudeState                         0x080034d5   Thumb Code     6  attitude.o(i.getAttitudeState)
    getBarrierAct                            0x080034e1   Thumb Code    54  infraredcalc.o(i.getBarrierAct)
    getCurPos                                0x0800351d   Thumb Code   122  myplanner.o(i.getCurPos)
    getDirFirst                              0x0800359d   Thumb Code   358  ergodicmap.o(i.getDirFirst)
    getDirnum                                0x0800370d   Thumb Code    46  ergodicmap.o(i.getDirnum)
    getDisGrid                               0x0800373b   Thumb Code    94  navigator.o(i.getDisGrid)
    getEncoderVal                            0x08003799   Thumb Code    20  pidctrller.o(i.getEncoderVal)
    getInfraredEventVal                      0x080037b1   Thumb Code    62  infraredcalc.o(i.getInfraredEventVal)
    getMapOver                               0x080037f5   Thumb Code   142  ergodicmap.o(i.getMapOver)
    getMotorState                            0x08003885   Thumb Code    52  pidctrller.o(i.getMotorState)
    getMousePos                              0x080038bd   Thumb Code    10  odometer.o(i.getMousePos)
    getNextPos                               0x080038cd   Thumb Code    66  ergodicmap.o(i.getNextPos)
    getOver                                  0x08003911   Thumb Code    90  ergodicmap.o(i.getOver)
    getPathCurNum                            0x08003971   Thumb Code     8  myplanner.o(i.getPathCurNum)
    getPathOverFlag                          0x0800397d   Thumb Code    16  mapsaver.o(i.getPathOverFlag)
    getPosAfterMove                          0x08003991   Thumb Code    64  myplanner.o(i.getPosAfterMove)
    getRedOffset                             0x080039d1   Thumb Code    60  infraredcalc.o(i.getRedOffset)
    getRedVal                                0x08003a19   Thumb Code   272  infraredcalc.o(i.getRedVal)
    getRoute                                 0x08003b2d   Thumb Code    36  myplanner.o(i.getRoute)
    getStaticPathFlag                        0x08003b59   Thumb Code    16  mapsaver.o(i.getStaticPathFlag)
    getTargetPos                             0x08003b6d   Thumb Code    10  myplanner.o(i.getTargetPos)
    main                                     0x08003b7d   Thumb Code    16  main.o(i.main)
    mouseAppInterrupt                        0x08003b8d   Thumb Code    12  mouseapp.o(i.mouseAppInterrupt)
    mouseApp_Loop                            0x08003b9d   Thumb Code   104  mouseapp.o(i.mouseApp_Loop)
    mouseApp_Setup                           0x08003c11   Thumb Code    62  mouseapp.o(i.mouseApp_Setup)
    mouseMove                                0x08003c65   Thumb Code    12  movectrl.o(i.mouseMove)
    mouseMoveFastI                           0x08003c71   Thumb Code   258  movectrl.o(i.mouseMoveFastI)
    mouseMoveSP                              0x08003d73   Thumb Code   198  movectrl.o(i.mouseMoveSP)
    moveNavigator                            0x08003e39   Thumb Code   180  navigator.o(i.moveNavigator)
    moveToNext                               0x08003eed   Thumb Code   208  ergodicmap.o(i.moveToNext)
    nPosToDir                                0x08003fbd   Thumb Code    56  ergodicmap.o(i.nPosToDir)
    navPosToDir                              0x08003ff5   Thumb Code    56  navigator.o(i.navPosToDir)
    odometerFatalErrorReset                  0x0800402d   Thumb Code    64  odometer.o(i.odometerFatalErrorReset)
    odometerLoop                             0x08004079   Thumb Code     8  odometer.o(i.odometerLoop)
    odometerPosAdd                           0x08004081   Thumb Code    48  odometer.o(i.odometerPosAdd)
    overFlag                                 0x080040b5   Thumb Code    28  ergodicmap.o(i.overFlag)
    pathAnalysis                             0x080040d1   Thumb Code   298  myplanner.o(i.pathAnalysis)
    pathPlannerI                             0x08004205   Thumb Code   136  myplanner.o(i.pathPlannerI)
    pathRingDel                              0x0800428d   Thumb Code     2  ergodicmap.o(i.pathRingDel)
    plannerDataInit                          0x08004291   Thumb Code   106  myplanner.o(i.plannerDataInit)
    readFlashToBuf                           0x08004305   Thumb Code    16  mapsaver.o(i.readFlashToBuf)
    readMapDis                               0x0800431d   Thumb Code    18  myplanner.o(i.readMapDis)
    readMapGrid                              0x08004335   Thumb Code    12  occupyinggrid.o(i.readMapGrid)
    readMapPosX                              0x08004345   Thumb Code   186  myplanner.o(i.readMapPosX)
    readOdometerEtr                          0x08004401   Thumb Code     6  odometer.o(i.readOdometerEtr)
    routeSearcher                            0x0800440d   Thumb Code    22  myplanner.o(i.routeSearcher)
    saveCurPos                               0x08004425   Thumb Code    54  myplanner.o(i.saveCurPos)
    savePathPoint                            0x08004461   Thumb Code   118  ergodicmap.o(i.savePathPoint)
    sendMes                                  0x080044ed   Thumb Code   220  occupyinggrid.o(i.sendMes)
    sendSMCCode                              0x080045c9   Thumb Code    10  mousefunclib.o(i.sendSMCCode)
    sendkeyEvent                             0x080045d9   Thumb Code    40  mouseapp.o(i.sendkeyEvent)
    setFastStMoveGridNum                     0x08004609   Thumb Code     8  attitude.o(i.setFastStMoveGridNum)
    setLineFastI                             0x08004615   Thumb Code    18  navigator.o(i.setLineFastI)
    setMotorPWM                              0x08004627   Thumb Code    24  pidctrller.o(i.setMotorPWM)
    setOdometerEtr                           0x08004641   Thumb Code     6  odometer.o(i.setOdometerEtr)
    setOdometerFixOff                        0x0800464d   Thumb Code     6  odometer.o(i.setOdometerFixOff)
    setPathCurNum                            0x08004659   Thumb Code     8  myplanner.o(i.setPathCurNum)
    setPathNode                              0x08004665   Thumb Code    20  myplanner.o(i.setPathNode)
    setSearchPlant                           0x0800467d   Thumb Code     6  ergodicmap.o(i.setSearchPlant)
    setTargetPos                             0x08004689   Thumb Code    12  myplanner.o(i.setTargetPos)
    set_FSLEtrnum                            0x08004699   Thumb Code     8  attitude.o(i.set_FSLEtrnum)
    sqrt                                     0x080046a5   Thumb Code    76  sqrt.o(i.sqrt)
    startkeyEvent                            0x080046f1   Thumb Code   128  mouseapp.o(i.startkeyEvent)
    staticPathEvent                          0x08004781   Thumb Code    38  mouseapp.o(i.staticPathEvent)
    updataEncoderVal                         0x080047ad   Thumb Code    38  pidctrller.o(i.updataEncoderVal)
    visitedCheck                             0x080047dd   Thumb Code    90  ergodicmap.o(i.visitedCheck)
    visitedState                             0x08004839   Thumb Code    66  ergodicmap.o(i.visitedState)
    writeMapDis                              0x08004885   Thumb Code    18  myplanner.o(i.writeMapDis)
    writeMapGrid                             0x0800489d   Thumb Code    10  occupyinggrid.o(i.writeMapGrid)
    writePathSeqFromFlash                    0x080048ad   Thumb Code    82  mapsaver.o(i.writePathSeqFromFlash)
    writePathToFlash                         0x08004905   Thumb Code   124  mapsaver.o(i.writePathToFlash)
    writeStaticPathToFlash                   0x08004989   Thumb Code   124  mapsaver.o(i.writeStaticPathToFlash)
    xcos                                     0x08004a0d   Thumb Code    42  odometer.o(i.xcos)
    ysin                                     0x08004a37   Thumb Code    42  odometer.o(i.ysin)
    __aeabi_d2f                              0x08004a61   Thumb Code     0  d2f.o(x$fpl$d2f)
    _d2f                                     0x08004a61   Thumb Code    98  d2f.o(x$fpl$d2f)
    __aeabi_dadd                             0x08004ac5   Thumb Code     0  daddsub_clz.o(x$fpl$dadd)
    _dadd                                    0x08004ac5   Thumb Code   332  daddsub_clz.o(x$fpl$dadd)
    __fpl_dcmp_Inf                           0x08004c15   Thumb Code    24  dcmpi.o(x$fpl$dcmpinf)
    __aeabi_ddiv                             0x08004c2d   Thumb Code     0  ddiv.o(x$fpl$ddiv)
    _ddiv                                    0x08004c2d   Thumb Code   552  ddiv.o(x$fpl$ddiv)
    __aeabi_d2iz                             0x08004edd   Thumb Code     0  dfix.o(x$fpl$dfix)
    _dfix                                    0x08004edd   Thumb Code    94  dfix.o(x$fpl$dfix)
    __aeabi_i2d                              0x08004f3b   Thumb Code     0  dflt_clz.o(x$fpl$dflt)
    _dflt                                    0x08004f3b   Thumb Code    46  dflt_clz.o(x$fpl$dflt)
    __aeabi_ui2d                             0x08004f69   Thumb Code     0  dflt_clz.o(x$fpl$dfltu)
    _dfltu                                   0x08004f69   Thumb Code    38  dflt_clz.o(x$fpl$dfltu)
    __aeabi_cdcmple                          0x08004f91   Thumb Code     0  dleqf.o(x$fpl$dleqf)
    _dcmple                                  0x08004f91   Thumb Code   120  dleqf.o(x$fpl$dleqf)
    __fpl_dcmple_InfNaN                      0x08004ff3   Thumb Code     0  dleqf.o(x$fpl$dleqf)
    __aeabi_dmul                             0x08005009   Thumb Code     0  dmul.o(x$fpl$dmul)
    _dmul                                    0x08005009   Thumb Code   332  dmul.o(x$fpl$dmul)
    __fpl_dnaninf                            0x0800515d   Thumb Code   156  dnaninf.o(x$fpl$dnaninf)
    __fpl_dretinf                            0x080051f9   Thumb Code    12  dretinf.o(x$fpl$dretinf)
    __aeabi_cdrcmple                         0x08005205   Thumb Code     0  drleqf.o(x$fpl$drleqf)
    _drcmple                                 0x08005205   Thumb Code   108  drleqf.o(x$fpl$drleqf)
    __aeabi_drsub                            0x08005271   Thumb Code     0  daddsub_clz.o(x$fpl$drsb)
    _drsb                                    0x08005271   Thumb Code    22  daddsub_clz.o(x$fpl$drsb)
    _dsqrt                                   0x08005289   Thumb Code   456  dsqrt_noumaal.o(x$fpl$dsqrt)
    __aeabi_dsub                             0x08005455   Thumb Code     0  daddsub_clz.o(x$fpl$dsub)
    _dsub                                    0x08005455   Thumb Code   464  daddsub_clz.o(x$fpl$dsub)
    __aeabi_f2d                              0x08005629   Thumb Code     0  f2d.o(x$fpl$f2d)
    _f2d                                     0x08005629   Thumb Code    86  f2d.o(x$fpl$f2d)
    __aeabi_fadd                             0x08005681   Thumb Code     0  faddsub_clz.o(x$fpl$fadd)
    _fadd                                    0x08005681   Thumb Code   196  faddsub_clz.o(x$fpl$fadd)
    __fpl_fcmp_Inf                           0x08005745   Thumb Code    24  fcmpi.o(x$fpl$fcmpinf)
    __aeabi_fdiv                             0x0800575d   Thumb Code     0  fdiv.o(x$fpl$fdiv)
    _fdiv                                    0x0800575d   Thumb Code   384  fdiv.o(x$fpl$fdiv)
    __aeabi_f2iz                             0x080058e1   Thumb Code     0  ffix.o(x$fpl$ffix)
    _ffix                                    0x080058e1   Thumb Code    54  ffix.o(x$fpl$ffix)
    __aeabi_i2f                              0x08005919   Thumb Code     0  fflt_clz.o(x$fpl$fflt)
    _fflt                                    0x08005919   Thumb Code    48  fflt_clz.o(x$fpl$fflt)
    __aeabi_cfcmple                          0x08005949   Thumb Code     0  fleqf.o(x$fpl$fleqf)
    _fcmple                                  0x08005949   Thumb Code   104  fleqf.o(x$fpl$fleqf)
    __fpl_fcmple_InfNaN                      0x0800599b   Thumb Code     0  fleqf.o(x$fpl$fleqf)
    __aeabi_fmul                             0x080059b1   Thumb Code     0  fmul.o(x$fpl$fmul)
    _fmul                                    0x080059b1   Thumb Code   258  fmul.o(x$fpl$fmul)
    __fpl_fnaninf                            0x08005ab3   Thumb Code   140  fnaninf.o(x$fpl$fnaninf)
    __fpl_fretinf                            0x08005b3f   Thumb Code    10  fretinf.o(x$fpl$fretinf)
    __aeabi_cfrcmple                         0x08005b49   Thumb Code     0  frleqf.o(x$fpl$frleqf)
    _frcmple                                 0x08005b49   Thumb Code    98  frleqf.o(x$fpl$frleqf)
    __aeabi_frsub                            0x08005bab   Thumb Code     0  faddsub_clz.o(x$fpl$frsb)
    _frsb                                    0x08005bab   Thumb Code    20  faddsub_clz.o(x$fpl$frsb)
    __aeabi_fsub                             0x08005bc1   Thumb Code     0  faddsub_clz.o(x$fpl$fsub)
    _fsub                                    0x08005bc1   Thumb Code   234  faddsub_clz.o(x$fpl$fsub)
    __I$use$fp                               0x08005caa   Number         0  usenofp.o(x$fpl$usenofp)
    codeSMC                                  0x08005caa   Data        1542  mousefunclib.o(.constdata)
    PARAM_PID                                0x080062e0   Data          12  pidctrller.o(.constdata)
    Region$$Table$$Base                      0x08006300   Number         0  anon$$obj.o(Region$$Table)
    Region$$Table$$Limit                     0x08006320   Number         0  anon$$obj.o(Region$$Table)
    g_MAppSt                                 0x20000000   Data           1  mouseapp.o(.data)
    g_LEDFlashFreq                           0x20000004   Data           4  mouseapp.o(.data)
    MousePos                                 0x2000000c   Data          12  odometer.o(.data)
    g_StdGridUpdateFlag                      0x20000018   Data           1  odometer.o(.data)
    g_OdEtrSum                               0x2000001c   Data           4  odometer.o(.data)
    g_OdFixOffx                              0x20000020   Data           4  odometer.o(.data)
    g_GridAct                                0x20000028   Data           1  occupyinggrid.o(.data)
    g_actCur                                 0x2000002a   Data           1  ergodicmap.o(.data)
    g_pathCur                                0x2000002c   Data           2  ergodicmap.o(.data)
    g_SearchPlant                            0x2000002e   Data           2  ergodicmap.o(.data)
    g_TargetPos                              0x20000030   Data          12  myplanner.o(.data)
    g_StartPos                               0x2000003c   Data          12  myplanner.o(.data)
    g_TargetSpeed                            0x20000048   Data           4  pidctrller.o(.data)
    g_MotorEncoder                           0x2000004c   Data           4  pidctrller.o(.data)
    g_RedSenVal                              0x2000005c   Data           8  infraredcalc.o(.data)
    g_SearcherSpeed                          0x20000068   Data           8  attitude.o(.data)
    g_AttState                               0x20000070   Data           1  attitude.o(.data)
    g_rotateDegrees                          0x20000072   Data           2  attitude.o(.data)
    g_rotateFast                             0x20000074   Data           1  attitude.o(.data)
    g_FSLGridnum                             0x20000076   Data           2  attitude.o(.data)
    etrtemp                                  0x20000078   Data           8  attitude.o(.data)
    g_usartRxFunc                            0x200000b0   Data           4  usart.o(.data)
    g_SysTick                                0x200000b4   Data           4  time.o(.data)
    flashCustomMap                           0x200000b8   Data        1024  mapsaver.o(.bss)
    g_ComData                                0x200004b8   Data        1028  comhandle.o(.bss)
    g_GridMay                                0x200008bc   Data         256  occupyinggrid.o(.bss)
    g_actdir                                 0x200009bc   Data         255  ergodicmap.o(.bss)
    g_actpos                                 0x20000abb   Data         510  ergodicmap.o(.bss)
    g_pathPos                                0x20000cbc   Data        3060  ergodicmap.o(.bss)
    g_Route                                  0x200018b0   Data         512  myplanner.o(.bss)
    g_MapData                                0x20001ab0   Data         512  myplanner.o(.bss)
    g_mapCurArr                              0x20001cb0   Data        3076  myplanner.o(.bss)
    g_pathAnl                                0x200028b4   Data        3072  myplanner.o(.bss)
    navigNode                                0x200034b4   Data        1200  myplanner.o(.bss)
    ADC_MeasureBuf                           0x20003998   Data          12  infrared_1.o(.bss)
    STMFLASH_BUF                             0x200039a4   Data        2048  stmflash.o(.bss)
    __libspace_start                         0x200041a4   Data          96  libspace.o(.bss)
    __temporary_stack_top$libspace           0x20004204   Data           0  libspace.o(.bss)



==============================================================================

Memory Map of the image

  Image Entry point : 0x08000131

  Load Region LR_IROM1 (Base: 0x08000000, Size: 0x000063d8, Max: 0x00080000, ABSOLUTE)

    Execution Region ER_IROM1 (Exec base: 0x08000000, Load base: 0x08000000, Size: 0x00006320, Max: 0x00080000, ABSOLUTE)

    Exec Addr    Load Addr    Size         Type   Attr      Idx    E Section Name        Object

    0x08000000   0x08000000   0x00000130   Data   RO         1531    RESET               startup_stm32f10x_hd.o
    0x08000130   0x08000130   0x00000008   Code   RO         1596  * !!!main             c_w.l(__main.o)
    0x08000138   0x08000138   0x00000034   Code   RO         1848    !!!scatter          c_w.l(__scatter.o)
    0x0800016c   0x0800016c   0x0000001a   Code   RO         1850    !!handler_copy      c_w.l(__scatter_copy.o)
    0x08000186   0x08000186   0x00000002   PAD
    0x08000188   0x08000188   0x0000001c   Code   RO         1852    !!handler_zi        c_w.l(__scatter_zi.o)
    0x080001a4   0x080001a4   0x00000000   Code   RO         1591    .ARM.Collect$$_printf_percent$$00000000  c_w.l(_printf_percent.o)
    0x080001a4   0x080001a4   0x00000006   Code   RO         1590    .ARM.Collect$$_printf_percent$$00000009  c_w.l(_printf_d.o)
    0x080001aa   0x080001aa   0x00000004   Code   RO         1671    .ARM.Collect$$_printf_percent$$00000017  c_w.l(_printf_percent_end.o)
    0x080001ae   0x080001ae   0x00000002   Code   RO         1721    .ARM.Collect$$libinit$$00000000  c_w.l(libinit.o)
    0x080001b0   0x080001b0   0x00000000   Code   RO         1725    .ARM.Collect$$libinit$$00000002  c_w.l(libinit2.o)
    0x080001b0   0x080001b0   0x00000000   Code   RO         1727    .ARM.Collect$$libinit$$00000004  c_w.l(libinit2.o)
    0x080001b0   0x080001b0   0x00000000   Code   RO         1730    .ARM.Collect$$libinit$$0000000A  c_w.l(libinit2.o)
    0x080001b0   0x080001b0   0x00000000   Code   RO         1732    .ARM.Collect$$libinit$$0000000C  c_w.l(libinit2.o)
    0x080001b0   0x080001b0   0x00000000   Code   RO         1734    .ARM.Collect$$libinit$$0000000E  c_w.l(libinit2.o)
    0x080001b0   0x080001b0   0x00000000   Code   RO         1737    .ARM.Collect$$libinit$$00000011  c_w.l(libinit2.o)
    0x080001b0   0x080001b0   0x00000000   Code   RO         1739    .ARM.Collect$$libinit$$00000013  c_w.l(libinit2.o)
    0x080001b0   0x080001b0   0x00000000   Code   RO         1741    .ARM.Collect$$libinit$$00000015  c_w.l(libinit2.o)
    0x080001b0   0x080001b0   0x00000000   Code   RO         1743    .ARM.Collect$$libinit$$00000017  c_w.l(libinit2.o)
    0x080001b0   0x080001b0   0x00000000   Code   RO         1745    .ARM.Collect$$libinit$$00000019  c_w.l(libinit2.o)
    0x080001b0   0x080001b0   0x00000000   Code   RO         1747    .ARM.Collect$$libinit$$0000001B  c_w.l(libinit2.o)
    0x080001b0   0x080001b0   0x00000000   Code   RO         1749    .ARM.Collect$$libinit$$0000001D  c_w.l(libinit2.o)
    0x080001b0   0x080001b0   0x00000000   Code   RO         1751    .ARM.Collect$$libinit$$0000001F  c_w.l(libinit2.o)
    0x080001b0   0x080001b0   0x00000000   Code   RO         1753    .ARM.Collect$$libinit$$00000021  c_w.l(libinit2.o)
    0x080001b0   0x080001b0   0x00000000   Code   RO         1755    .ARM.Collect$$libinit$$00000023  c_w.l(libinit2.o)
    0x080001b0   0x080001b0   0x00000000   Code   RO         1757    .ARM.Collect$$libinit$$00000025  c_w.l(libinit2.o)
    0x080001b0   0x080001b0   0x00000000   Code   RO         1761    .ARM.Collect$$libinit$$0000002C  c_w.l(libinit2.o)
    0x080001b0   0x080001b0   0x00000000   Code   RO         1763    .ARM.Collect$$libinit$$0000002E  c_w.l(libinit2.o)
    0x080001b0   0x080001b0   0x00000000   Code   RO         1765    .ARM.Collect$$libinit$$00000030  c_w.l(libinit2.o)
    0x080001b0   0x080001b0   0x00000000   Code   RO         1767    .ARM.Collect$$libinit$$00000032  c_w.l(libinit2.o)
    0x080001b0   0x080001b0   0x00000002   Code   RO         1768    .ARM.Collect$$libinit$$00000033  c_w.l(libinit2.o)
    0x080001b2   0x080001b2   0x00000002   Code   RO         1788    .ARM.Collect$$libshutdown$$00000000  c_w.l(libshutdown.o)
    0x080001b4   0x080001b4   0x00000000   Code   RO         1801    .ARM.Collect$$libshutdown$$00000002  c_w.l(libshutdown2.o)
    0x080001b4   0x080001b4   0x00000000   Code   RO         1803    .ARM.Collect$$libshutdown$$00000004  c_w.l(libshutdown2.o)
    0x080001b4   0x080001b4   0x00000000   Code   RO         1806    .ARM.Collect$$libshutdown$$00000007  c_w.l(libshutdown2.o)
    0x080001b4   0x080001b4   0x00000000   Code   RO         1809    .ARM.Collect$$libshutdown$$0000000A  c_w.l(libshutdown2.o)
    0x080001b4   0x080001b4   0x00000000   Code   RO         1811    .ARM.Collect$$libshutdown$$0000000C  c_w.l(libshutdown2.o)
    0x080001b4   0x080001b4   0x00000000   Code   RO         1814    .ARM.Collect$$libshutdown$$0000000F  c_w.l(libshutdown2.o)
    0x080001b4   0x080001b4   0x00000002   Code   RO         1815    .ARM.Collect$$libshutdown$$00000010  c_w.l(libshutdown2.o)
    0x080001b6   0x080001b6   0x00000000   Code   RO         1662    .ARM.Collect$$rtentry$$00000000  c_w.l(__rtentry.o)
    0x080001b6   0x080001b6   0x00000000   Code   RO         1688    .ARM.Collect$$rtentry$$00000002  c_w.l(__rtentry2.o)
    0x080001b6   0x080001b6   0x00000006   Code   RO         1700    .ARM.Collect$$rtentry$$00000004  c_w.l(__rtentry4.o)
    0x080001bc   0x080001bc   0x00000000   Code   RO         1690    .ARM.Collect$$rtentry$$00000009  c_w.l(__rtentry2.o)
    0x080001bc   0x080001bc   0x00000004   Code   RO         1691    .ARM.Collect$$rtentry$$0000000A  c_w.l(__rtentry2.o)
    0x080001c0   0x080001c0   0x00000000   Code   RO         1693    .ARM.Collect$$rtentry$$0000000C  c_w.l(__rtentry2.o)
    0x080001c0   0x080001c0   0x00000008   Code   RO         1694    .ARM.Collect$$rtentry$$0000000D  c_w.l(__rtentry2.o)
    0x080001c8   0x080001c8   0x00000002   Code   RO         1722    .ARM.Collect$$rtexit$$00000000  c_w.l(rtexit.o)
    0x080001ca   0x080001ca   0x00000000   Code   RO         1770    .ARM.Collect$$rtexit$$00000002  c_w.l(rtexit2.o)
    0x080001ca   0x080001ca   0x00000004   Code   RO         1771    .ARM.Collect$$rtexit$$00000003  c_w.l(rtexit2.o)
    0x080001ce   0x080001ce   0x00000006   Code   RO         1772    .ARM.Collect$$rtexit$$00000004  c_w.l(rtexit2.o)
    0x080001d4   0x080001d4   0x00000040   Code   RO         1532    .text               startup_stm32f10x_hd.o
    0x08000214   0x08000214   0x00000028   Code   RO         1540    .text               c_w.l(noretval__2sprintf.o)
    0x0800023c   0x0800023c   0x0000004e   Code   RO         1544    .text               c_w.l(_printf_pad.o)
    0x0800028a   0x0800028a   0x00000002   PAD
    0x0800028c   0x0800028c   0x00000078   Code   RO         1546    .text               c_w.l(_printf_dec.o)
    0x08000304   0x08000304   0x00000138   Code   RO         1581    .text               c_w.l(__printf_flags_wp.o)
    0x0800043c   0x0800043c   0x00000064   Code   RO         1592    .text               c_w.l(rt_memcpy_w.o)
    0x080004a0   0x080004a0   0x00000006   Code   RO         1594    .text               c_w.l(heapauxi.o)
    0x080004a6   0x080004a6   0x00000016   Code   RO         1663    .text               c_w.l(_rserrno.o)
    0x080004bc   0x080004bc   0x000000b2   Code   RO         1665    .text               c_w.l(_printf_intcommon.o)
    0x0800056e   0x0800056e   0x00000002   PAD
    0x08000570   0x08000570   0x00000030   Code   RO         1667    .text               c_w.l(_printf_char_common.o)
    0x080005a0   0x080005a0   0x0000000a   Code   RO         1669    .text               c_w.l(_sputc.o)
    0x080005aa   0x080005aa   0x00000002   PAD
    0x080005ac   0x080005ac   0x00000008   Code   RO         1705    .text               c_w.l(rt_errno_addr_intlibspace.o)
    0x080005b4   0x080005b4   0x00000008   Code   RO         1709    .text               c_w.l(libspace.o)
    0x080005bc   0x080005bc   0x0000004a   Code   RO         1712    .text               c_w.l(sys_stackheap_outer.o)
    0x08000606   0x08000606   0x00000012   Code   RO         1714    .text               c_w.l(exit.o)
    0x08000618   0x08000618   0x0000000c   Code   RO         1780    .text               c_w.l(sys_exit.o)
    0x08000624   0x08000624   0x00000002   Code   RO         1791    .text               c_w.l(use_no_semi.o)
    0x08000626   0x08000626   0x00000000   Code   RO         1793    .text               c_w.l(indicate_semi.o)
    0x08000626   0x08000626   0x00000002   PAD
    0x08000628   0x08000628   0x000001a4   Code   RO         1260    i.Adc_Init          infrared_1.o
    0x080007cc   0x080007cc   0x00000070   Code   RO         1261    i.Adc_Transition    infrared_1.o
    0x0800083c   0x0800083c   0x00000058   Code   RO         1019    i.AttitudeStateMachine  attitude.o
    0x08000894   0x08000894   0x0000000c   Code   RO         1020    i.AttitudeStateSet  attitude.o
    0x080008a0   0x080008a0   0x0000005c   Code   RO          570    i.BackActCheck      ergodicmap.o
    0x080008fc   0x080008fc   0x000000a8   Code   RO         1212    i.DianJi_TiaoSu     dain_ji.o
    0x080009a4   0x080009a4   0x0000002a   Code   RO         1214    i.Dian_Ji_Init      dain_ji.o
    0x080009ce   0x080009ce   0x00000002   PAD
    0x080009d0   0x080009d0   0x00000190   Code   RO         1215    i.Dian_Ji_Read      dain_ji.o
    0x08000b60   0x08000b60   0x0000005c   Code   RO         1262    i.Dma_Init          infrared_1.o
    0x08000bbc   0x08000bbc   0x00000028   Code   RO         1263    i.Dma_Start         infrared_1.o
    0x08000be4   0x08000be4   0x00000040   Code   RO         1182    i.DriveInit         drive.o
    0x08000c24   0x08000c24   0x00000024   Code   RO          417    i.ETR_Divider       odometer.o
    0x08000c48   0x08000c48   0x0000004c   Code   RO         1443    i.FLASH_ErasePage   stmflash.o
    0x08000c94   0x08000c94   0x00000034   Code   RO         1444    i.FLASH_GetBank1Status  stmflash.o
    0x08000cc8   0x08000cc8   0x00000014   Code   RO         1445    i.FLASH_Lock        stmflash.o
    0x08000cdc   0x08000cdc   0x00000040   Code   RO         1446    i.FLASH_ProgramHalfWord  stmflash.o
    0x08000d1c   0x08000d1c   0x00000018   Code   RO         1447    i.FLASH_Unlock      stmflash.o
    0x08000d34   0x08000d34   0x00000026   Code   RO         1448    i.FLASH_WaitForLastOperation  stmflash.o
    0x08000d5a   0x08000d5a   0x00000002   PAD
    0x08000d5c   0x08000d5c   0x00000024   Code   RO         1021    i.FSL_DividerFast   attitude.o
    0x08000d80   0x08000d80   0x00000018   Code   RO         1022    i.FSL_OverDataDel   attitude.o
    0x08000d98   0x08000d98   0x000003e4   Code   RO         1023    i.FSL_moveController  attitude.o
    0x0800117c   0x0800117c   0x0000002c   Code   RO         1024    i.FTR_DividerFast   attitude.o
    0x080011a8   0x080011a8   0x0000002c   Code   RO          512    i.GridActSave       occupyinggrid.o
    0x080011d4   0x080011d4   0x00000020   Code   RO          514    i.GridSetup         occupyinggrid.o
    0x080011f4   0x080011f4   0x00000034   Code   RO          973    i.InfraredLoop      infraredcalc.o
    0x08001228   0x08001228   0x00000030   Code   RO         1264    i.Infrared_Send_Control  infrared_1.o
    0x08001258   0x08001258   0x000000a8   Code   RO         1265    i.Infrared_Send_Init  infrared_1.o
    0x08001300   0x08001300   0x00000044   Code   RO          235    i.LEDFlash          mousefunclib.o
    0x08001344   0x08001344   0x0000006c   Code   RO         1344    i.LedAnKey_Init     led.o
    0x080013b0   0x080013b0   0x0000007c   Code   RO         1356    i.MY_NVIC_Init      usart.o
    0x0800142c   0x0800142c   0x00000010   Code   RO           64    i.MainInterrupt     process.o
    0x0800143c   0x0800143c   0x00000014   Code   RO           65    i.MainLoop          process.o
    0x08001450   0x08001450   0x00000014   Code   RO           66    i.MainSetup         process.o
    0x08001464   0x08001464   0x00000284   Code   RO          515    i.MapActivityRecord  occupyinggrid.o
    0x080016e8   0x080016e8   0x0000001a   Code   RO          571    i.MapCreatLoop      ergodicmap.o
    0x08001702   0x08001702   0x00000002   PAD
    0x08001704   0x08001704   0x000000c4   Code   RO          572    i.MapCreator        ergodicmap.o
    0x080017c8   0x080017c8   0x00000068   Code   RO          573    i.MapCreatorInit    ergodicmap.o
    0x08001830   0x08001830   0x00000024   Code   RO          516    i.MapInit           occupyinggrid.o
    0x08001854   0x08001854   0x000001e4   Code   RO          920    i.MotorSpeedPidCtrl  pidctrller.o
    0x08001a38   0x08001a38   0x00000030   Code   RO          418    i.MouseDirUpdate    odometer.o
    0x08001a68   0x08001a68   0x00000010   Code   RO          887    i.MoveInterrupt     movemain.o
    0x08001a78   0x08001a78   0x00000002   Code   RO          888    i.MoveLoop          movemain.o
    0x08001a7a   0x08001a7a   0x00000002   Code   RO          889    i.MoveSetup         movemain.o
    0x08001a7c   0x08001a7c   0x00000028   Code   RO         1401    i.NVIC_SetPriority  time.o
    0x08001aa4   0x08001aa4   0x00000008   Code   RO          393    i.NavigaInterrupt   navigationmain.o
    0x08001aac   0x08001aac   0x00000002   Code   RO          394    i.NavigaLoop        navigationmain.o
    0x08001aae   0x08001aae   0x0000000c   Code   RO          395    i.NavigaSetup       navigationmain.o
    0x08001aba   0x08001aba   0x00000002   PAD
    0x08001abc   0x08001abc   0x000003d8   Code   RO          831    i.NavigatorFastII   navigator.o
    0x08001e94   0x08001e94   0x000000e0   Code   RO          832    i.NavigatorStaticPath  navigator.o
    0x08001f74   0x08001f74   0x00000028   Code   RO          921    i.PID_Divider       pidctrller.o
    0x08001f9c   0x08001f9c   0x000000cc   Code   RO          354    i.PathWrite         comhandle.o
    0x08002068   0x08002068   0x000001b8   Code   RO         1216    i.Pwm_Init          dain_ji.o
    0x08002220   0x08002220   0x0000002c   Code   RO         1025    i.RDD_Divider       attitude.o
    0x0800224c   0x0800224c   0x0000002c   Code   RO         1026    i.RDD_DividerFast   attitude.o
    0x08002278   0x08002278   0x00000160   Code   RO         1027    i.RotateCtrller     attitude.o
    0x080023d8   0x080023d8   0x0000015c   Code   RO         1028    i.RotateCtrllerFast  attitude.o
    0x08002534   0x08002534   0x00000020   Code   RO         1029    i.RotateCtrllerFastI  attitude.o
    0x08002554   0x08002554   0x00000020   Code   RO         1030    i.RotateFastOver    attitude.o
    0x08002574   0x08002574   0x00000110   Code   RO         1031    i.RotateMoveFPL90   attitude.o
    0x08002684   0x08002684   0x00000110   Code   RO         1032    i.RotateMoveFPR90   attitude.o
    0x08002794   0x08002794   0x0000000c   Code   RO         1033    i.RotationAngle     attitude.o
    0x080027a0   0x080027a0   0x00000024   Code   RO         1034    i.SPC_Divider       attitude.o
    0x080027c4   0x080027c4   0x00000022   Code   RO         1449    i.STMFLASH_Read     stmflash.o
    0x080027e6   0x080027e6   0x00000006   Code   RO         1450    i.STMFLASH_ReadHalfWord  stmflash.o
    0x080027ec   0x080027ec   0x000000e8   Code   RO         1451    i.STMFLASH_Write    stmflash.o
    0x080028d4   0x080028d4   0x00000022   Code   RO         1452    i.STMFLASH_Write_NoCheck  stmflash.o
    0x080028f6   0x080028f6   0x00000002   PAD
    0x080028f8   0x080028f8   0x000000d8   Code   RO         1035    i.SearcherPidCtrller  attitude.o
    0x080029d0   0x080029d0   0x0000000c   Code   RO         1036    i.SearcherSpeed     attitude.o
    0x080029dc   0x080029dc   0x00000008   Code   RO          100    i.SetSysClock       system_stm32f10x.o
    0x080029e4   0x080029e4   0x000000e0   Code   RO          101    i.SetSysClockTo72   system_stm32f10x.o
    0x08002ac4   0x08002ac4   0x0000000c   Code   RO          922    i.SetTargetSpeed    pidctrller.o
    0x08002ad0   0x08002ad0   0x00000144   Code   RO          419    i.StandardGridCumulative  odometer.o
    0x08002c14   0x08002c14   0x00000018   Code   RO         1402    i.SysTick_Handler   time.o
    0x08002c2c   0x08002c2c   0x0000000c   Code   RO         1403    i.Sys_GetTick       time.o
    0x08002c38   0x08002c38   0x00000060   Code   RO          103    i.SystemInit        system_stm32f10x.o
    0x08002c98   0x08002c98   0x00000048   Code   RO         1404    i.Systick_init      time.o
    0x08002ce0   0x08002ce0   0x00000100   Code   RO         1405    i.Timer4Init        time.o
    0x08002de0   0x08002de0   0x00000028   Code   RO         1358    i.USART3_IRQHandler  usart.o
    0x08002e08   0x08002e08   0x00000024   Code   RO          355    i.USART3_RxBufAnalysis  comhandle.o
    0x08002e2c   0x08002e2c   0x0000000c   Code   RO         1359    i.USART_RxFuncConfig  usart.o
    0x08002e38   0x08002e38   0x00000054   Code   RO          356    i.USART_RxToBuf     comhandle.o
    0x08002e8c   0x08002e8c   0x00000114   Code   RO         1360    i.UsartInit         usart.o
    0x08002fa0   0x08002fa0   0x00000028   Code   RO         1361    i.UsartSendData     usart.o
    0x08002fc8   0x08002fc8   0x0000000e   Code   RO         1579    i._is_digit         c_w.l(__printf_wp.o)
    0x08002fd6   0x08002fd6   0x00000002   PAD
    0x08002fd8   0x08002fd8   0x0000018c   Code   RO          574    i.backToLastAct     ergodicmap.o
    0x08003164   0x08003164   0x000000f0   Code   RO          575    i.backtoStart       ergodicmap.o
    0x08003254   0x08003254   0x0000005c   Code   RO          141    i.clearkeyEvent     mouseapp.o
    0x080032b0   0x080032b0   0x00000010   Code   RO          357    i.comHandleInit     comhandle.o
    0x080032c0   0x080032c0   0x00000010   Code   RO          358    i.comHandleLoop     comhandle.o
    0x080032d0   0x080032d0   0x000000d6   Code   RO          576    i.delDeathGrid      ergodicmap.o
    0x080033a6   0x080033a6   0x00000036   Code   RO          577    i.delFromDir        ergodicmap.o
    0x080033dc   0x080033dc   0x0000001c   Code   RO          297    i.delPathofFlash    mapsaver.o
    0x080033f8   0x080033f8   0x00000018   Code   RO         1194    i.delay_ms          delay.o
    0x08003410   0x08003410   0x0000001c   Code   RO         1195    i.delay_us          delay.o
    0x0800342c   0x0800342c   0x00000028   Code   RO          711    i.dirToTh           myplanner.o
    0x08003454   0x08003454   0x00000080   Code   RO          974    i.getActDirState    infraredcalc.o
    0x080034d4   0x080034d4   0x0000000c   Code   RO         1037    i.getAttitudeState  attitude.o
    0x080034e0   0x080034e0   0x0000003c   Code   RO          975    i.getBarrierAct     infraredcalc.o
    0x0800351c   0x0800351c   0x00000080   Code   RO          712    i.getCurPos         myplanner.o
    0x0800359c   0x0800359c   0x00000170   Code   RO          578    i.getDirFirst       ergodicmap.o
    0x0800370c   0x0800370c   0x0000002e   Code   RO          579    i.getDirnum         ergodicmap.o
    0x0800373a   0x0800373a   0x0000005e   Code   RO          834    i.getDisGrid        navigator.o
    0x08003798   0x08003798   0x00000018   Code   RO          923    i.getEncoderVal     pidctrller.o
    0x080037b0   0x080037b0   0x00000044   Code   RO          976    i.getInfraredEventVal  infraredcalc.o
    0x080037f4   0x080037f4   0x0000008e   Code   RO          580    i.getMapOver        ergodicmap.o
    0x08003882   0x08003882   0x00000002   PAD
    0x08003884   0x08003884   0x00000038   Code   RO          924    i.getMotorState     pidctrller.o
    0x080038bc   0x080038bc   0x00000010   Code   RO          420    i.getMousePos       odometer.o
    0x080038cc   0x080038cc   0x00000042   Code   RO          581    i.getNextPos        ergodicmap.o
    0x0800390e   0x0800390e   0x00000002   PAD
    0x08003910   0x08003910   0x00000060   Code   RO          582    i.getOver           ergodicmap.o
    0x08003970   0x08003970   0x0000000c   Code   RO          713    i.getPathCurNum     myplanner.o
    0x0800397c   0x0800397c   0x00000014   Code   RO          298    i.getPathOverFlag   mapsaver.o
    0x08003990   0x08003990   0x00000040   Code   RO          714    i.getPosAfterMove   myplanner.o
    0x080039d0   0x080039d0   0x00000048   Code   RO          977    i.getRedOffset      infraredcalc.o
    0x08003a18   0x08003a18   0x00000114   Code   RO          978    i.getRedVal         infraredcalc.o
    0x08003b2c   0x08003b2c   0x0000002c   Code   RO          715    i.getRoute          myplanner.o
    0x08003b58   0x08003b58   0x00000014   Code   RO          299    i.getStaticPathFlag  mapsaver.o
    0x08003b6c   0x08003b6c   0x00000010   Code   RO          716    i.getTargetPos      myplanner.o
    0x08003b7c   0x08003b7c   0x00000010   Code   RO            1    i.main              main.o
    0x08003b8c   0x08003b8c   0x00000010   Code   RO          142    i.mouseAppInterrupt  mouseapp.o
    0x08003b9c   0x08003b9c   0x00000074   Code   RO          143    i.mouseApp_Loop     mouseapp.o
    0x08003c10   0x08003c10   0x00000054   Code   RO          144    i.mouseApp_Setup    mouseapp.o
    0x08003c64   0x08003c64   0x0000000c   Code   RO         1155    i.mouseMove         movectrl.o
    0x08003c70   0x08003c70   0x00000102   Code   RO         1156    i.mouseMoveFastI    movectrl.o
    0x08003d72   0x08003d72   0x000000c6   Code   RO         1157    i.mouseMoveSP       movectrl.o
    0x08003e38   0x08003e38   0x000000b4   Code   RO          835    i.moveNavigator     navigator.o
    0x08003eec   0x08003eec   0x000000d0   Code   RO          583    i.moveToNext        ergodicmap.o
    0x08003fbc   0x08003fbc   0x00000038   Code   RO          584    i.nPosToDir         ergodicmap.o
    0x08003ff4   0x08003ff4   0x00000038   Code   RO          836    i.navPosToDir       navigator.o
    0x0800402c   0x0800402c   0x0000004c   Code   RO          422    i.odometerFatalErrorReset  odometer.o
    0x08004078   0x08004078   0x00000008   Code   RO          423    i.odometerLoop      odometer.o
    0x08004080   0x08004080   0x00000034   Code   RO          424    i.odometerPosAdd    odometer.o
    0x080040b4   0x080040b4   0x0000001c   Code   RO          585    i.overFlag          ergodicmap.o
    0x080040d0   0x080040d0   0x00000134   Code   RO          717    i.pathAnalysis      myplanner.o
    0x08004204   0x08004204   0x00000088   Code   RO          718    i.pathPlannerI      myplanner.o
    0x0800428c   0x0800428c   0x00000002   Code   RO          586    i.pathRingDel       ergodicmap.o
    0x0800428e   0x0800428e   0x00000002   PAD
    0x08004290   0x08004290   0x00000074   Code   RO          719    i.plannerDataInit   myplanner.o
    0x08004304   0x08004304   0x00000018   Code   RO          300    i.readFlashToBuf    mapsaver.o
    0x0800431c   0x0800431c   0x00000018   Code   RO          721    i.readMapDis        myplanner.o
    0x08004334   0x08004334   0x00000010   Code   RO          517    i.readMapGrid       occupyinggrid.o
    0x08004344   0x08004344   0x000000ba   Code   RO          722    i.readMapPosX       myplanner.o
    0x080043fe   0x080043fe   0x00000002   PAD
    0x08004400   0x08004400   0x0000000c   Code   RO          425    i.readOdometerEtr   odometer.o
    0x0800440c   0x0800440c   0x00000016   Code   RO          723    i.routeSearcher     myplanner.o
    0x08004422   0x08004422   0x00000002   PAD
    0x08004424   0x08004424   0x0000003c   Code   RO          724    i.saveCurPos        myplanner.o
    0x08004460   0x08004460   0x0000008c   Code   RO          587    i.savePathPoint     ergodicmap.o
    0x080044ec   0x080044ec   0x000000dc   Code   RO          518    i.sendMes           occupyinggrid.o
    0x080045c8   0x080045c8   0x00000010   Code   RO          240    i.sendSMCCode       mousefunclib.o
    0x080045d8   0x080045d8   0x00000030   Code   RO          146    i.sendkeyEvent      mouseapp.o
    0x08004608   0x08004608   0x0000000c   Code   RO         1038    i.setFastStMoveGridNum  attitude.o
    0x08004614   0x08004614   0x00000012   Code   RO          837    i.setLineFastI      navigator.o
    0x08004626   0x08004626   0x00000018   Code   RO          925    i.setMotorPWM       pidctrller.o
    0x0800463e   0x0800463e   0x00000002   PAD
    0x08004640   0x08004640   0x0000000c   Code   RO          426    i.setOdometerEtr    odometer.o
    0x0800464c   0x0800464c   0x0000000c   Code   RO          427    i.setOdometerFixOff  odometer.o
    0x08004658   0x08004658   0x0000000c   Code   RO          725    i.setPathCurNum     myplanner.o
    0x08004664   0x08004664   0x00000018   Code   RO          726    i.setPathNode       myplanner.o
    0x0800467c   0x0800467c   0x0000000c   Code   RO          588    i.setSearchPlant    ergodicmap.o
    0x08004688   0x08004688   0x00000010   Code   RO          727    i.setTargetPos      myplanner.o
    0x08004698   0x08004698   0x0000000c   Code   RO         1039    i.set_FSLEtrnum     attitude.o
    0x080046a4   0x080046a4   0x0000004c   Code   RO         1655    i.sqrt              m_ws.l(sqrt.o)
    0x080046f0   0x080046f0   0x00000090   Code   RO          147    i.startkeyEvent     mouseapp.o
    0x08004780   0x08004780   0x0000002c   Code   RO          148    i.staticPathEvent   mouseapp.o
    0x080047ac   0x080047ac   0x00000030   Code   RO          926    i.updataEncoderVal  pidctrller.o
    0x080047dc   0x080047dc   0x0000005a   Code   RO          589    i.visitedCheck      ergodicmap.o
    0x08004836   0x08004836   0x00000002   PAD
    0x08004838   0x08004838   0x0000004c   Code   RO          590    i.visitedState      ergodicmap.o
    0x08004884   0x08004884   0x00000018   Code   RO          728    i.writeMapDis       myplanner.o
    0x0800489c   0x0800489c   0x00000010   Code   RO          519    i.writeMapGrid      occupyinggrid.o
    0x080048ac   0x080048ac   0x00000058   Code   RO          301    i.writePathSeqFromFlash  mapsaver.o
    0x08004904   0x08004904   0x00000084   Code   RO          302    i.writePathToFlash  mapsaver.o
    0x08004988   0x08004988   0x00000084   Code   RO          303    i.writeStaticPathToFlash  mapsaver.o
    0x08004a0c   0x08004a0c   0x0000002a   Code   RO          428    i.xcos              odometer.o
    0x08004a36   0x08004a36   0x0000002a   Code   RO          429    i.ysin              odometer.o
    0x08004a60   0x08004a60   0x00000062   Code   RO         1598    x$fpl$d2f           fz_ws.l(d2f.o)
    0x08004ac2   0x08004ac2   0x00000002   PAD
    0x08004ac4   0x08004ac4   0x00000150   Code   RO         1600    x$fpl$dadd          fz_ws.l(daddsub_clz.o)
    0x08004c14   0x08004c14   0x00000018   Code   RO         1672    x$fpl$dcmpinf       fz_ws.l(dcmpi.o)
    0x08004c2c   0x08004c2c   0x000002b0   Code   RO         1607    x$fpl$ddiv          fz_ws.l(ddiv.o)
    0x08004edc   0x08004edc   0x0000005e   Code   RO         1610    x$fpl$dfix          fz_ws.l(dfix.o)
    0x08004f3a   0x08004f3a   0x0000002e   Code   RO         1615    x$fpl$dflt          fz_ws.l(dflt_clz.o)
    0x08004f68   0x08004f68   0x00000026   Code   RO         1614    x$fpl$dfltu         fz_ws.l(dflt_clz.o)
    0x08004f8e   0x08004f8e   0x00000002   PAD
    0x08004f90   0x08004f90   0x00000078   Code   RO         1620    x$fpl$dleqf         fz_ws.l(dleqf.o)
    0x08005008   0x08005008   0x00000154   Code   RO         1622    x$fpl$dmul          fz_ws.l(dmul.o)
    0x0800515c   0x0800515c   0x0000009c   Code   RO         1674    x$fpl$dnaninf       fz_ws.l(dnaninf.o)
    0x080051f8   0x080051f8   0x0000000c   Code   RO         1676    x$fpl$dretinf       fz_ws.l(dretinf.o)
    0x08005204   0x08005204   0x0000006c   Code   RO         1624    x$fpl$drleqf        fz_ws.l(drleqf.o)
    0x08005270   0x08005270   0x00000016   Code   RO         1601    x$fpl$drsb          fz_ws.l(daddsub_clz.o)
    0x08005286   0x08005286   0x00000002   PAD
    0x08005288   0x08005288   0x000001cc   Code   RO         1678    x$fpl$dsqrt         fz_ws.l(dsqrt_noumaal.o)
    0x08005454   0x08005454   0x000001d4   Code   RO         1602    x$fpl$dsub          fz_ws.l(daddsub_clz.o)
    0x08005628   0x08005628   0x00000056   Code   RO         1626    x$fpl$f2d           fz_ws.l(f2d.o)
    0x0800567e   0x0800567e   0x00000002   PAD
    0x08005680   0x08005680   0x000000c4   Code   RO         1628    x$fpl$fadd          fz_ws.l(faddsub_clz.o)
    0x08005744   0x08005744   0x00000018   Code   RO         1680    x$fpl$fcmpinf       fz_ws.l(fcmpi.o)
    0x0800575c   0x0800575c   0x00000184   Code   RO         1635    x$fpl$fdiv          fz_ws.l(fdiv.o)
    0x080058e0   0x080058e0   0x00000036   Code   RO         1638    x$fpl$ffix          fz_ws.l(ffix.o)
    0x08005916   0x08005916   0x00000002   PAD
    0x08005918   0x08005918   0x00000030   Code   RO         1643    x$fpl$fflt          fz_ws.l(fflt_clz.o)
    0x08005948   0x08005948   0x00000068   Code   RO         1648    x$fpl$fleqf         fz_ws.l(fleqf.o)
    0x080059b0   0x080059b0   0x00000102   Code   RO         1650    x$fpl$fmul          fz_ws.l(fmul.o)
    0x08005ab2   0x08005ab2   0x0000008c   Code   RO         1682    x$fpl$fnaninf       fz_ws.l(fnaninf.o)
    0x08005b3e   0x08005b3e   0x0000000a   Code   RO         1684    x$fpl$fretinf       fz_ws.l(fretinf.o)
    0x08005b48   0x08005b48   0x00000062   Code   RO         1652    x$fpl$frleqf        fz_ws.l(frleqf.o)
    0x08005baa   0x08005baa   0x00000014   Code   RO         1629    x$fpl$frsb          fz_ws.l(faddsub_clz.o)
    0x08005bbe   0x08005bbe   0x00000002   PAD
    0x08005bc0   0x08005bc0   0x000000ea   Code   RO         1630    x$fpl$fsub          fz_ws.l(faddsub_clz.o)
    0x08005caa   0x08005caa   0x00000000   Code   RO         1686    x$fpl$usenofp       fz_ws.l(usenofp.o)
    0x08005caa   0x08005caa   0x00000606   Data   RO          241    .constdata          mousefunclib.o
    0x080062b0   0x080062b0   0x00000030   Data   RO          592    .constdata          ergodicmap.o
    0x080062e0   0x080062e0   0x0000000c   Data   RO          928    .constdata          pidctrller.o
    0x080062ec   0x080062ec   0x00000011   Data   RO         1582    .constdata          c_w.l(__printf_flags_wp.o)
    0x080062fd   0x080062fd   0x00000003   PAD
    0x08006300   0x08006300   0x00000020   Data   RO         1846    Region$$Table       anon$$obj.o


    Execution Region RW_IRAM1 (Exec base: 0x20000000, Load base: 0x08006320, Size: 0x00004808, Max: 0x00010000, ABSOLUTE)

    Exec Addr    Load Addr    Size         Type   Attr      Idx    E Section Name        Object

    0x20000000   0x08006320   0x00000008   Data   RW          149    .data               mouseapp.o
    0x20000008   0x08006328   0x00000004   Data   RW          242    .data               mousefunclib.o
    0x2000000c   0x0800632c   0x0000001c   Data   RW          431    .data               odometer.o
    0x20000028   0x08006348   0x00000001   Data   RW          521    .data               occupyinggrid.o
    0x20000029   0x08006349   0x00000001   PAD
    0x2000002a   0x0800634a   0x00000006   Data   RW          593    .data               ergodicmap.o
    0x20000030   0x08006350   0x00000018   Data   RW          731    .data               myplanner.o
    0x20000048   0x08006368   0x00000014   Data   RW          929    .data               pidctrller.o
    0x2000005c   0x0800637c   0x0000000c   Data   RW          980    .data               infraredcalc.o
    0x20000068   0x08006388   0x00000046   Data   RW         1041    .data               attitude.o
    0x200000ae   0x080063ce   0x00000002   PAD
    0x200000b0   0x080063d0   0x00000004   Data   RW         1362    .data               usart.o
    0x200000b4   0x080063d4   0x00000004   Data   RW         1406    .data               time.o
    0x200000b8        -       0x00000400   Zero   RW          304    .bss                mapsaver.o
    0x200004b8        -       0x00000404   Zero   RW          359    .bss                comhandle.o
    0x200008bc        -       0x00000100   Zero   RW          520    .bss                occupyinggrid.o
    0x200009bc        -       0x00000ef4   Zero   RW          591    .bss                ergodicmap.o
    0x200018b0        -       0x000020c0   Zero   RW          729    .bss                myplanner.o
    0x20003970        -       0x00000028   Zero   RW          927    .bss                pidctrller.o
    0x20003998        -       0x0000000c   Zero   RW         1266    .bss                infrared_1.o
    0x200039a4        -       0x00000800   Zero   RW         1454    .bss                stmflash.o
    0x200041a4        -       0x00000060   Zero   RW         1710    .bss                c_w.l(libspace.o)
    0x20004204   0x080063d8   0x00000004   PAD
    0x20004208        -       0x00000200   Zero   RW         1530    HEAP                startup_stm32f10x_hd.o
    0x20004408        -       0x00000400   Zero   RW         1529    STACK               startup_stm32f10x_hd.o


==============================================================================

Image component sizes


      Code (inc. data)   RO Data    RW Data    ZI Data      Debug   Object Name

      2908        260          0         70          0      13131   attitude.o
       356         52          0          0       1028       3555   comhandle.o
         0          0          0          0          0         32   core_cm3.o
      1050         38          0          0          0       2873   dain_ji.o
        52          0          0          0          0        950   delay.o
        64          8          0          0          0        436   drive.o
      2652        124         48          6       3828      14192   ergodicmap.o
       880         72          0          0         12       3373   infrared_1.o
       656         52          0         12          0       4684   infraredcalc.o
       108         14          0          0          0        428   led.o
        16          0          0          0          0     208287   main.o
       444         46          0          0       1024       6017   mapsaver.o
       544         82          0          8          0       5308   mouseapp.o
        84         14       1542          4          0       2229   mousefunclib.o
       468         12          0          0          0       2155   movectrl.o
        20          0          0          0          0       1291   movemain.o
      1232         74          0         24       8384      10817   myplanner.o
        22          0          0          0          0       1369   navigationmain.o
      1556         24          0          0          0       4186   navigator.o
      1008         34          0          1        256       4805   occupyinggrid.o
       680         78          0         28          0      22589   odometer.o
       688         58         12         20         40       4569   pidctrller.o
        56          0          0          0          0       1347   process.o
        64         26        304          0       1536        772   startup_stm32f10x_hd.o
       580         40          0          0       2048       6507   stmflash.o
       328         28          0          0          0       1669   system_stm32f10x.o
       404         42          0          4          0      17511   time.o
       492         48          0          4          0       3204   usart.o

    ----------------------------------------------------------------------
     17436       1226       1938        184      18156     348286   Object Totals
         0          0         32          0          0          0   (incl. Generated)
        24          0          0          3          0          0   (incl. Padding)

    ----------------------------------------------------------------------

      Code (inc. data)   RO Data    RW Data    ZI Data      Debug   Library Member Name

         8          0          0          0          0         68   __main.o
       312          4         17          0          0         92   __printf_flags_wp.o
        14          0          0          0          0         68   __printf_wp.o
         0          0          0          0          0          0   __rtentry.o
        12          0          0          0          0          0   __rtentry2.o
         6          0          0          0          0          0   __rtentry4.o
        52          8          0          0          0          0   __scatter.o
        26          0          0          0          0          0   __scatter_copy.o
        28          0          0          0          0          0   __scatter_zi.o
        48          6          0          0          0         96   _printf_char_common.o
         6          0          0          0          0          0   _printf_d.o
       120         16          0          0          0         92   _printf_dec.o
       178          0          0          0          0         88   _printf_intcommon.o
        78          0          0          0          0        108   _printf_pad.o
         0          0          0          0          0          0   _printf_percent.o
         4          0          0          0          0          0   _printf_percent_end.o
        22          0          0          0          0        100   _rserrno.o
        10          0          0          0          0         68   _sputc.o
        18          0          0          0          0         80   exit.o
         6          0          0          0          0        152   heapauxi.o
         0          0          0          0          0          0   indicate_semi.o
         2          0          0          0          0          0   libinit.o
         2          0          0          0          0          0   libinit2.o
         2          0          0          0          0          0   libshutdown.o
         2          0          0          0          0          0   libshutdown2.o
         8          4          0          0         96         68   libspace.o
        40          6          0          0          0         84   noretval__2sprintf.o
         8          4          0          0          0         68   rt_errno_addr_intlibspace.o
       100          0          0          0          0         80   rt_memcpy_w.o
         2          0          0          0          0          0   rtexit.o
        10          0          0          0          0          0   rtexit2.o
        12          4          0          0          0         68   sys_exit.o
        74          0          0          0          0         80   sys_stackheap_outer.o
         2          0          0          0          0         68   use_no_semi.o
        98          4          0          0          0         92   d2f.o
       826         16          0          0          0        348   daddsub_clz.o
        24          0          0          0          0         68   dcmpi.o
       688        140          0          0          0        208   ddiv.o
        94          4          0          0          0         92   dfix.o
        84          0          0          0          0        136   dflt_clz.o
       120          4          0          0          0         92   dleqf.o
       340         12          0          0          0        104   dmul.o
       156          4          0          0          0         92   dnaninf.o
        12          0          0          0          0         68   dretinf.o
       108          0          0          0          0         80   drleqf.o
       460         56          0          0          0        120   dsqrt_noumaal.o
        86          4          0          0          0         84   f2d.o
       450          8          0          0          0        236   faddsub_clz.o
        24          0          0          0          0         68   fcmpi.o
       388         76          0          0          0         96   fdiv.o
        54          4          0          0          0         84   ffix.o
        48          0          0          0          0         68   fflt_clz.o
       104          4          0          0          0         84   fleqf.o
       258          4          0          0          0         84   fmul.o
       140          4          0          0          0         84   fnaninf.o
        10          0          0          0          0         68   fretinf.o
        98          0          0          0          0         68   frleqf.o
         0          0          0          0          0          0   usenofp.o
        76          0          0          0          0         84   sqrt.o

    ----------------------------------------------------------------------
      5982        396         20          0        100       4136   Library Totals
        24          0          3          0          4          0   (incl. Padding)

    ----------------------------------------------------------------------

      Code (inc. data)   RO Data    RW Data    ZI Data      Debug   Library Name

      1212         52         17          0         96       1528   c_w.l
      4670        344          0          0          0       2524   fz_ws.l
        76          0          0          0          0         84   m_ws.l

    ----------------------------------------------------------------------
      5982        396         20          0        100       4136   Library Totals

    ----------------------------------------------------------------------

==============================================================================


      Code (inc. data)   RO Data    RW Data    ZI Data      Debug   

     23418       1622       1958        184      18256     341706   Grand Totals
     23418       1622       1958        184      18256     341706   ELF Image Totals
     23418       1622       1958        184          0          0   ROM Totals

==============================================================================

    Total RO  Size (Code + RO Data)                25376 (  24.78kB)
    Total RW  Size (RW Data + ZI Data)             18440 (  18.01kB)
    Total ROM Size (Code + RO Data + RW Data)      25560 (  24.96kB)

==============================================================================

